******************************************************************************
                  TI ARM Linker PC v5.1.6                      
******************************************************************************
>> Linked Tue Mar 03 01:50:48 2015

OUTPUT FILE NAME:   <RFID Project.out>
ENTRY POINT SYMBOL: "_c_int00"  address: 0000a64d


MEMORY CONFIGURATION

         name            origin    length      used     unused   attr    fill
----------------------  --------  ---------  --------  --------  ----  --------
  FLASH                 00000000   00040000  0000b276  00034d8a  R  X
  SRAM                  20000000   00008000  00000e44  000071bc  RW X


SEGMENT ALLOCATION MAP

run origin  load origin   length   init length attrs members
----------  ----------- ---------- ----------- ----- -------
00000000    00000000    0000b278   0000b278    r-x
  00000000    00000000    0000026c   0000026c    r-- .intvecs
  0000026c    0000026c    0000a72e   0000a72e    r-x .text
  0000a99c    0000a99c    0000082c   0000082c    r-- .const
  0000b1c8    0000b1c8    000000b0   000000b0    r-- .cinit
20000000    20000000    00000e48   00000000    rw-
  20000000    20000000    0000026c   00000000    rw- .vtable
  2000026c    2000026c    00000400   00000000    rw- .stack
  20000670    20000670    00000400   00000000    rw- .sysmem
  20000a70    20000a70    000001f4   00000000    rw- .data
  20000c64    20000c64    000001e4   00000000    rw- .bss


SECTION ALLOCATION MAP

 output                                  attributes/
section   page    origin      length       input sections
--------  ----  ----------  ----------   ----------------
.intvecs   0    00000000    0000026c     
                  00000000    0000026c     tm4c123gh6pm_startup_ccs.obj (.intvecs)

.init_array 
*          0    00000000    00000000     UNINITIALIZED

.text      0    0000026c    0000a72e     
                  0000026c    00001508     functions_gpio.obj (.text)
                  00001774    00000f00     sysctl.obj (.text)
                  00002674    00000ec0     rtsv7M4_T_le_v4SPD16_eabi.lib : _printfi.obj (.text)
                  00003534    00000ca0     functions_uart.obj (.text)
                  000041d4    00000c58     mfrc522.obj (.text)
                  00004e2c    00000c00     ektm4c123gxl.obj (.text)
                  00005a2c    00000bbc     gpio.obj (.text)
                  000065e8    0000098c     functions_spi.obj (.text)
                  00006f74    0000063c     functions_tim.obj (.text)
                  000075b0    00000622     uart.obj (.text)
                  00007bd2    00000002     --HOLE-- [fill = 0]
                  00007bd4    00000606     timer.obj (.text)
                  000081da    00000002     --HOLE-- [fill = 0]
                  000081dc    000003cc     rtsv7M4_T_le_v4SPD16_eabi.lib : memory.obj (.text)
                  000085a8    000003c0     interrupt.obj (.text)
                  00008968    00000352     ssi.obj (.text)
                  00008cba    00000002     --HOLE-- [fill = 0]
                  00008cbc    00000310     rtsv7M4_T_le_v4SPD16_eabi.lib : lowlev.obj (.text)
                  00008fcc    000002d4                                   : trgdrv.obj (.text)
                  000092a0    00000218     main.obj (.text)
                  000094b8    000001f4     rtsv7M4_T_le_v4SPD16_eabi.lib : ull_div_t2.obj (.text)
                  000096ac    000001c0                                   : fopen.obj (.text)
                  0000986c    000001b6                                   : fd_add_t2.obj (.text)
                  00009a22    00000136                                   : fd_div_t2.obj (.text)
                  00009b58    00000134                                   : fputs.obj (.text)
                  00009c8c    000000fc                                   : fd_mul_t2.obj (.text)
                  00009d88    000000dc                                   : setvbuf.obj (.text)
                  00009e64    000000c0                                   : fflush.obj (.text)
                  00009f24    000000ac                                   : _io_perm.obj (.text)
                  00009fd0    0000009c                                   : fputc.obj (.text)
                  0000a06c    0000009c                                   : memcpy_t2.obj (.text)
                  0000a108    00000098                                   : fclose.obj (.text)
                  0000a1a0    00000094                                   : auto_init.obj (.text)
                  0000a234    00000086                                   : fd_cmp_t2.obj (.text:__aeabi_cdcmple)
                  0000a2ba    00000086                                   : fd_cmp_t2.obj (.text:__aeabi_cdrcmple)
                  0000a340    00000078                                   : memset_t2.obj (.text)
                  0000a3b8    00000070                                   : printf.obj (.text)
                  0000a428    00000064                                   : fseek.obj (.text)
                  0000a48c    00000060                                   : trgmsg.obj (.text)
                  0000a4ec    0000005e                                   : copy_decompress_rle.obj (.text)
                  0000a54a    0000005c                                   : fd_toull_t2.obj (.text)
                  0000a5a6    0000005a                                   : ltoa.obj (.text)
                  0000a600    0000004c                                   : atoi.obj (.text)
                  0000a64c    00000048                                   : boot.obj (.text)
                  0000a694    00000048                                   : fd_toi_t2.obj (.text)
                  0000a6dc    00000044                                   : cpy_tbl.obj (.text)
                  0000a720    00000044                                   : exit.obj (.text)
                  0000a764    00000044                                   : xdtest.obj (.text)
                  0000a7a8    0000003e     cpu.obj (.text)
                  0000a7e6    00000030     rtsv7M4_T_le_v4SPD16_eabi.lib : strncpy.obj (.text)
                  0000a816    0000002e                                   : i_tofd_t2.obj (.text)
                  0000a844    00000022                                   : memcmp.obj (.text)
                  0000a866    00000020                                   : u_tofd_t2.obj (.text)
                  0000a886    0000001c                                   : memccpy.obj (.text)
                  0000a8a2    00000002     --HOLE-- [fill = 0]
                  0000a8a4    00000018                                   : args_main.obj (.text)
                  0000a8bc    00000018                                   : ll_mul_t2.obj (.text)
                  0000a8d4    00000018                                   : strcmp.obj (.text)
                  0000a8ec    00000016                                   : memchr.obj (.text)
                  0000a902    00000016                                   : strchr.obj (.text)
                  0000a918    00000014                                   : _lock.obj (.text)
                  0000a92c    00000014                                   : strlen.obj (.text)
                  0000a940    00000012                                   : copy_zero_init.obj (.text:decompress:ZI)
                  0000a952    00000012                                   : xdclass.obj (.text)
                  0000a964    00000010                                   : strcpy.obj (.text)
                  0000a974    0000000e                                   : copy_decompress_none.obj (.text:decompress:none)
                  0000a982    0000000c     tm4c123gh6pm_startup_ccs.obj (.text)
                  0000a98e    00000006     sysctl.obj (.text:SysCtlDelay)
                  0000a994    00000006     rtsv7M4_T_le_v4SPD16_eabi.lib : copy_decompress_rle.obj (.text:decompress:rle24)

.const     0    0000a99c    0000082c     
                  0000a99c    00000120     sysctl.obj (.const:g_pppui32XTALtoVCO)
                  0000aabc    00000102     rtsv7M4_T_le_v4SPD16_eabi.lib : ctype.obj (.const:.string:_ctypes_)
                  0000abbe    00000002     --HOLE-- [fill = 0]
                  0000abc0    000000c0     gpio.obj (.const:g_ppui32GPIOIntMapBlizzard)
                  0000ac80    000000c0     gpio.obj (.const:g_ppui32GPIOIntMapSnowflake)
                  0000ad40    0000009c     interrupt.obj (.const:g_pui32Regs)
                  0000addc    00000090     gpio.obj (.const:g_pui32GPIOBaseAddrs)
                  0000ae6c    00000070     interrupt.obj (.const)
                  0000aedc    0000006c     sysctl.obj (.const:g_pui32Xtals)
                  0000af48    00000060     timer.obj (.const:g_ppui32TimerIntMap)
                  0000afa8    00000048     ssi.obj (.const)
                  0000aff0    00000040     mfrc522.obj (.const:.string:$P$T0$1)
                  0000b030    00000040     mfrc522.obj (.const:.string:$P$T1$2)
                  0000b070    00000040     mfrc522.obj (.const:.string:$P$T2$3)
                  0000b0b0    00000040     timer.obj (.const:g_ppui32TimerIntMapSnowflake)
                  0000b0f0    00000040     uart.obj (.const:g_ppui32UARTIntMap)
                  0000b130    00000040     uart.obj (.const:g_ppui32UARTIntMapSnowflake)
                  0000b170    00000038     sysctl.obj (.const:g_sXTALtoMEMTIM)
                  0000b1a8    00000008     gpio.obj (.const)
                  0000b1b0    00000008     sysctl.obj (.const)
                  0000b1b8    00000008     timer.obj (.const)
                  0000b1c0    00000008     uart.obj (.const)

.cinit     0    0000b1c8    000000b0     
                  0000b1c8    00000078     (.cinit..data.load) [load image, compression = rle]
                  0000b240    0000000c     (__TI_handler_table)
                  0000b24c    00000004     --HOLE-- [fill = 0]
                  0000b250    00000008     (.cinit..bss.load) [load image, compression = zero_init]
                  0000b258    00000008     (.cinit..vtable.load) [load image, compression = zero_init]
                  0000b260    00000018     (__TI_cinit_table)

.vtable    0    20000000    0000026c     UNINITIALIZED
                  20000000    0000026c     interrupt.obj (.vtable)

.stack     0    2000026c    00000400     UNINITIALIZED
                  2000026c    00000400     --HOLE--

.sysmem    0    20000670    00000400     UNINITIALIZED
                  20000670    00000008     rtsv7M4_T_le_v4SPD16_eabi.lib : memory.obj (.sysmem)
                  20000678    000003f8     --HOLE--

.data      0    20000a70    000001f4     UNINITIALIZED
                  20000a70    000000f0     rtsv7M4_T_le_v4SPD16_eabi.lib : defs.obj (.data:_ftable)
                  20000b60    000000d0                                   : lowlev.obj (.data)
                  20000c30    00000010                                   : defs.obj (.data)
                  20000c40    0000000c                                   : memory.obj (.data)
                  20000c4c    00000008                                   : _lock.obj (.data)
                  20000c54    00000008                                   : exit.obj (.data)
                  20000c5c    00000004                                   : fopen.obj (.data)
                  20000c60    00000004                                   : stkdepth_vars.obj (.data)

.bss       0    20000c64    000001e4     UNINITIALIZED
                  20000c64    00000120     rtsv7M4_T_le_v4SPD16_eabi.lib : trgmsg.obj (.bss:__CIOBUF_)
                  20000d84    000000a0                                   : defs.obj (.bss:__TI_tmpnams)
                  20000e24    00000008     (.common:parmbuf)
                  20000e2c    00000004     (.common:GpioClass)
                  20000e30    00000004     (.common:SpiClass)
                  20000e34    00000004     (.common:TimerClass)
                  20000e38    00000004     (.common:UartClass)
                  20000e3c    00000004     (.common:UartDbgRxBuf)
                  20000e40    00000004     (.common:UartDbgTxBuf)
                  20000e44    00000004     (.common:board)


LINKER GENERATED COPY TABLES

__TI_cinit_table @ 0000b260 records: 3, size/record: 8, table size: 24
	.data: load addr=0000b1c8, load size=00000078 bytes, run addr=20000a70, run size=000001f4 bytes, compression=rle
	.bss: load addr=0000b250, load size=00000008 bytes, run addr=20000c64, run size=000001e4 bytes, compression=zero_init
	.vtable: load addr=0000b258, load size=00000008 bytes, run addr=20000000, run size=0000026c bytes, compression=zero_init


LINKER GENERATED HANDLER TABLE

__TI_handler_table @ 0000b240 records: 3, size/record: 4, table size: 12
	index: 0, handler: __TI_zero_init
	index: 1, handler: __TI_decompress_rle24
	index: 2, handler: __TI_decompress_none


GLOBAL SYMBOLS: SORTED ALPHABETICALLY BY Name 

address    name
--------   ----
0000a721   C$$EXIT
0000a4b7   C$$IO$$
0000a7dd   CPUbasepriGet
0000a7cf   CPUbasepriSet
0000a7a9   CPUcpsid
0000a7bf   CPUcpsie
0000a7b5   CPUprimask
0000a7cb   CPUwfi
000065c3   GPIOADCTriggerDisable
000065a5   GPIOADCTriggerEnable
00006587   GPIODMATriggerDisable
00006569   GPIODMATriggerEnable
00005aeb   GPIODirModeGet
00005a8f   GPIODirModeSet
0000605f   GPIOIntClear
00006023   GPIOIntDisable
00006009   GPIOIntEnable
00006073   GPIOIntRegister
0000603d   GPIOIntStatus
00005bdb   GPIOIntTypeGet
00005b37   GPIOIntTypeSet
00006091   GPIOIntUnregister
00005eb7   GPIOPadConfigGet
00005c79   GPIOPadConfigSet
0000650b   GPIOPinConfigure
000060ab   GPIOPinRead
000060e3   GPIOPinTypeADC
00006107   GPIOPinTypeCAN
000064d7   GPIOPinTypeCIR
0000612b   GPIOPinTypeComparator
0000614f   GPIOPinTypeEPI
00006173   GPIOPinTypeEthernetLED
00006197   GPIOPinTypeEthernetMII
000061bb   GPIOPinTypeFan
000061df   GPIOPinTypeGPIOInput
00006203   GPIOPinTypeGPIOOutput
00006227   GPIOPinTypeGPIOOutputOD
0000624b   GPIOPinTypeI2C
0000626f   GPIOPinTypeI2CSCL
0000648f   GPIOPinTypeKBColumn
0000646b   GPIOPinTypeKBRow
00006293   GPIOPinTypeLCD
000064b3   GPIOPinTypeLEDSeq
000062b7   GPIOPinTypeLPC
000062db   GPIOPinTypePECIRx
000062ff   GPIOPinTypePECITx
00006323   GPIOPinTypePWM
00006347   GPIOPinTypeQEI
0000636b   GPIOPinTypeSSI
0000638f   GPIOPinTypeTimer
000063b3   GPIOPinTypeUART
000063d7   GPIOPinTypeUSBAnalog
000063fb   GPIOPinTypeUSBDigital
0000641f   GPIOPinTypeWakeHigh
00006445   GPIOPinTypeWakeLow
000064fb   GPIOPinWakeStatus
000060c3   GPIOPinWrite
20000e2c   GpioClass
00009259   HOSTclock
00009221   HOSTclose
000091e3   HOSTgetenv
00009187   HOSTlseek
00009135   HOSTopen
000090e9   HOSTread
0000908b   HOSTrename
00009051   HOSTtime
00009019   HOSTunlink
00008fcd   HOSTwrite
00008769   IntDisable
000086f7   IntEnable
000087db   IntIsEnabled
000085bb   IntMasterDisable
000085ab   IntMasterEnable
000088d1   IntPendClear
00008861   IntPendSet
000086d3   IntPriorityGet
0000864b   IntPriorityGroupingGet
00008631   IntPriorityGroupingSet
0000892b   IntPriorityMaskGet
0000891f   IntPriorityMaskSet
00008683   IntPrioritySet
000085cb   IntRegister
00008933   IntTrigger
0000861d   IntUnregister
0000a983   ResetISR
UNDEFED    SHT$$INIT_ARRAY$$Base
UNDEFED    SHT$$INIT_ARRAY$$Limit
00008c3d   SSIAdvDataPutFrameEnd
00008c63   SSIAdvDataPutFrameEndNonBlocking
00008ca5   SSIAdvFrameHoldDisable
00008c8f   SSIAdvFrameHoldEnable
00008c21   SSIAdvModeSet
00008bc3   SSIBusy
00008bf5   SSIClockSourceGet
00008be1   SSIClockSourceSet
000089cb   SSIConfigSetExpClk
00008bab   SSIDMADisable
00008b93   SSIDMAEnable
00008b55   SSIDataGet
00008b71   SSIDataGetNonBlocking
00008b1b   SSIDataPut
00008b35   SSIDataPutNonBlocking
00008a6d   SSIDisable
00008a57   SSIEnable
00008b09   SSIIntClear
00008ad3   SSIIntDisable
00008abb   SSIIntEnable
00008a83   SSIIntRegister
00008aeb   SSIIntStatus
00008aa1   SSIIntUnregister
20000e30   SpiClass
00002553   SysCtlADCSpeedGet
00002529   SysCtlADCSpeedSet
0000261f   SysCtlAltClkConfig
00001de1   SysCtlClockFreqSet
000022cd   SysCtlClockGet
00002603   SysCtlClockOutConfig
000020fd   SysCtlClockSet
00001ce1   SysCtlDeepSleep
00002441   SysCtlDeepSleepClockConfigSet
00002421   SysCtlDeepSleepClockSet
00001cc1   SysCtlDeepSleepPowerSet
0000a98f   SysCtlDelay
0000186d   SysCtlFlashSectorSizeGet
00001841   SysCtlFlashSizeGet
0000257d   SysCtlGPIOAHBDisable
00002561   SysCtlGPIOAHBEnable
00001c55   SysCtlIntClear
00001c3d   SysCtlIntDisable
00001c29   SysCtlIntEnable
00001c01   SysCtlIntRegister
00001c65   SysCtlIntStatus
00001c19   SysCtlIntUnregister
00001ca7   SysCtlLDODeepSleepGet
00001c97   SysCtlLDODeepSleepSet
00001c91   SysCtlLDOSleepGet
00001c81   SysCtlLDOSleepSet
00001d17   SysCtlMOSCConfigSet
000025ef   SysCtlNMIClear
000025e9   SysCtlNMIStatus
00001d2d   SysCtlPIOSCCalibrate
0000250f   SysCtlPWMClockGet
000024f5   SysCtlPWMClockSet
00001bad   SysCtlPeripheralClockGating
00001b65   SysCtlPeripheralDeepSleepDisable
00001b15   SysCtlPeripheralDeepSleepEnable
00001a51   SysCtlPeripheralDisable
00001a15   SysCtlPeripheralEnable
00001951   SysCtlPeripheralPowerOff
00001915   SysCtlPeripheralPowerOn
00001895   SysCtlPeripheralPresent
000018d5   SysCtlPeripheralReady
0000198d   SysCtlPeripheralReset
00001ad9   SysCtlPeripheralSleepDisable
00001a95   SysCtlPeripheralSleepEnable
00001cd1   SysCtlReset
00001d8d   SysCtlResetBehaviorGet
00001d7d   SysCtlResetBehaviorSet
00001d03   SysCtlResetCauseClear
00001cfd   SysCtlResetCauseGet
00001837   SysCtlSRAMSizeGet
00001cd9   SysCtlSleep
00001cad   SysCtlSleepPowerSet
000025a5   SysCtlUSBPLLDisable
00002599   SysCtlUSBPLLEnable
000025d1   SysCtlVoltageEventClear
000025b1   SysCtlVoltageEventConfig
000025c1   SysCtlVoltageEventStatus
000081ad   TimerADCEventGet
0000819b   TimerADCEventSet
20000e34   TimerClass
00007ec5   TimerClockSourceGet
00007ea9   TimerClockSourceSet
00007c87   TimerConfigure
00007da7   TimerControlEvent
00007d03   TimerControlLevel
00007dd1   TimerControlStall
00007d39   TimerControlTrigger
00007e07   TimerControlWaitOnTrigger
000081cd   TimerDMAEventGet
000081bb   TimerDMAEventSet
00007c69   TimerDisable
00007c4b   TimerEnable
00008177   TimerIntClear
00008141   TimerIntDisable
00008129   TimerIntEnable
000080e3   TimerIntRegister
00008159   TimerIntStatus
0000810b   TimerIntUnregister
00007f8f   TimerLoadGet
00007fcb   TimerLoadGet64
00007f65   TimerLoadSet
00007fab   TimerLoadSet64
00008075   TimerMatchGet
000080b1   TimerMatchGet64
0000804b   TimerMatchSet
00008091   TimerMatchSet64
00007eff   TimerPrescaleGet
00007f49   TimerPrescaleMatchGet
00007f1b   TimerPrescaleMatchSet
00007ed5   TimerPrescaleSet
00007e7d   TimerRTCDisable
00007e67   TimerRTCEnable
00008189   TimerSynchronize
00007ffd   TimerValueGet
00008019   TimerValueGet64
00007b8b   UART9BitAddrSend
00007b65   UART9BitAddrSet
00007b4f   UART9BitDisable
00007b39   UART9BitEnable
000079df   UARTBreakCtl
00007a09   UARTBusy
00007987   UARTCharGet
0000796b   UARTCharGetNonBlocking
000079c1   UARTCharPut
0000799d   UARTCharPutNonBlocking
0000792f   UARTCharsAvail
00007b29   UARTClockSourceGet
00007b15   UARTClockSourceSet
000076f7   UARTConfigGetExpClk
00007681   UARTConfigSetExpClk
00007adb   UARTDMADisable
00007ac3   UARTDMAEnable
00007767   UARTDisable
000077eb   UARTDisableSIR
00007743   UARTEnable
000077bd   UARTEnableSIR
000077a7   UARTFIFODisable
00007791   UARTFIFOEnable
00007659   UARTFIFOLevelGet
00007641   UARTFIFOLevelSet
000078ef   UARTFlowControlGet
000078d3   UARTFlowControlSet
00007ab1   UARTIntClear
00007a7b   UARTIntDisable
00007a63   UARTIntEnable
00007a27   UARTIntRegister
00007a93   UARTIntStatus
00007a49   UARTIntUnregister
00007889   UARTModemControlClear
000078ad   UARTModemControlGet
00007849   UARTModemControlSet
000078bf   UARTModemStatusGet
0000762f   UARTParityModeGet
00007613   UARTParityModeSet
00007b05   UARTRxErrorClear
00007af3   UARTRxErrorGet
00007833   UARTSmartCardDisable
00007801   UARTSmartCardEnable
0000794d   UARTSpaceAvail
0000791d   UARTTxIntModeGet
00007901   UARTTxIntModeSet
20000e38   UartClass
20000e3c   UartDbgRxBuf
20000e40   UartDbgTxBuf
0000a953   _Dclass
0000a765   _Dtest
20000c64   __CIOBUF_
2000066c   __STACK_END
00000400   __STACK_SIZE
2000046c   __STACK_TOP
00000400   __SYSMEM_SIZE
0000b260   __TI_CINIT_Base
0000b278   __TI_CINIT_Limit
0000b240   __TI_Handler_Table_Base
0000b24c   __TI_Handler_Table_Limit
00000001   __TI_args_main
0000a1a1   __TI_auto_init
00009775   __TI_cleanup
20000c54   __TI_cleanup_ptr
0000a109   __TI_closefile
0000a975   __TI_decompress_none
0000a995   __TI_decompress_rle24
00009e65   __TI_doflush
20000c58   __TI_dtors_ptr
20000c30   __TI_ft_end
0000322b   __TI_printfi
00009f87   __TI_rd_ok
0000a4bb   __TI_readmsg
00000000   __TI_static_base__
20000d84   __TI_tmpnams
0000a48d   __TI_writemsg
00009f25   __TI_wrt_ok
0000a941   __TI_zero_init
0000a235   __aeabi_cdcmpeq
0000a235   __aeabi_cdcmple
0000a2bb   __aeabi_cdrcmple
0000a695   __aeabi_d2iz
0000a54b   __aeabi_d2ulz
00009877   __aeabi_dadd
00009a23   __aeabi_ddiv
00009c8d   __aeabi_dmul
0000986d   __aeabi_dsub
0000a817   __aeabi_i2d
0000a8bd   __aeabi_lmul
0000a341   __aeabi_memclr
0000a341   __aeabi_memclr4
0000a341   __aeabi_memclr8
0000a06d   __aeabi_memcpy
0000a06d   __aeabi_memcpy4
0000a06d   __aeabi_memcpy8
0000a343   __aeabi_memset
0000a343   __aeabi_memset4
0000a343   __aeabi_memset8
20000c3c   __aeabi_stderr
20000c34   __aeabi_stdin
20000c38   __aeabi_stdout
0000a867   __aeabi_ui2d
000094b9   __aeabi_uldivmod
ffffffff   __binit__
ffffffff   __c_args__
2000026c   __stack
0000a8a5   _args_main
0000a64d   _c_int00
0000aabc   _ctypes_
20000a70   _ftable
20000c4c   _lock
0000a927   _nop
0000a91f   _register_lock
0000a919   _register_unlock
20000670   _sys_memory
20000c50   _unlock
0000a725   abort
00008f1f   add_device
000092a1   assert_failed
0000a601   atoi
ffffffff   binit
00008571   calloc
00008ecd   close
0000a6dd   copy_in
00004e2d   ektm4c123gxl_CreateClass
00004f71   ektm4c123gxl_DestroyClass
000055dd   ektm4c123gxl_UART_SendString
0000a72d   exit
0000026d   fGpio_CreateClass
000002b9   fGpio_DestroyClass
000065e9   fSpi_CreateClass
0000663b   fSpi_CreateInitStruct
0000662f   fSpi_DestroyClass
00006743   fSpi_DestroyInitStruct
00006f75   fTim_CreateClass
00006fb5   fTim_DestroyClass
00003535   fUart_CreateClass
00003581   fUart_DestroyClass
0000a16f   fclose
00009eb1   fflush
000097cb   fopen
00009fd1   fputc
00009b59   fputs
000082cb   free
000097a1   freopen
0000a429   fseek
20000000   g_pfnRAMVectors
00000000   g_pfnVectors
00008ea9   lseek
0000a5a7   ltoa
000092b3   main
20000c60   main_func_sp
00008269   malloc
00008491   memalign
0000a887   memccpy
0000a8ed   memchr
0000a845   memcmp
0000a06d   memcpy
0000a349   memset
000041d5   mfrc522_CreateClass
00004229   mfrc522_DestroyClass
000081dd   minit
00008dfb   open
0000a3c1   printf
0000a055   putc
0000a059   putchar
00009c65   puts
00008dd7   read
0000838b   realloc
00008d4d   remove
00008daf   remove_device
00008d71   rename
00009d89   setvbuf
0000a903   strchr
0000a8d5   strcmp
0000a965   strcpy
0000a92d   strlen
0000a7e7   strncpy
00008d4d   unlink
00008cbd   write


GLOBAL SYMBOLS: SORTED BY Symbol Address 

address    name
--------   ----
00000000   __TI_static_base__
00000000   g_pfnVectors
00000001   __TI_args_main
0000026d   fGpio_CreateClass
000002b9   fGpio_DestroyClass
00000400   __STACK_SIZE
00000400   __SYSMEM_SIZE
00001837   SysCtlSRAMSizeGet
00001841   SysCtlFlashSizeGet
0000186d   SysCtlFlashSectorSizeGet
00001895   SysCtlPeripheralPresent
000018d5   SysCtlPeripheralReady
00001915   SysCtlPeripheralPowerOn
00001951   SysCtlPeripheralPowerOff
0000198d   SysCtlPeripheralReset
00001a15   SysCtlPeripheralEnable
00001a51   SysCtlPeripheralDisable
00001a95   SysCtlPeripheralSleepEnable
00001ad9   SysCtlPeripheralSleepDisable
00001b15   SysCtlPeripheralDeepSleepEnable
00001b65   SysCtlPeripheralDeepSleepDisable
00001bad   SysCtlPeripheralClockGating
00001c01   SysCtlIntRegister
00001c19   SysCtlIntUnregister
00001c29   SysCtlIntEnable
00001c3d   SysCtlIntDisable
00001c55   SysCtlIntClear
00001c65   SysCtlIntStatus
00001c81   SysCtlLDOSleepSet
00001c91   SysCtlLDOSleepGet
00001c97   SysCtlLDODeepSleepSet
00001ca7   SysCtlLDODeepSleepGet
00001cad   SysCtlSleepPowerSet
00001cc1   SysCtlDeepSleepPowerSet
00001cd1   SysCtlReset
00001cd9   SysCtlSleep
00001ce1   SysCtlDeepSleep
00001cfd   SysCtlResetCauseGet
00001d03   SysCtlResetCauseClear
00001d17   SysCtlMOSCConfigSet
00001d2d   SysCtlPIOSCCalibrate
00001d7d   SysCtlResetBehaviorSet
00001d8d   SysCtlResetBehaviorGet
00001de1   SysCtlClockFreqSet
000020fd   SysCtlClockSet
000022cd   SysCtlClockGet
00002421   SysCtlDeepSleepClockSet
00002441   SysCtlDeepSleepClockConfigSet
000024f5   SysCtlPWMClockSet
0000250f   SysCtlPWMClockGet
00002529   SysCtlADCSpeedSet
00002553   SysCtlADCSpeedGet
00002561   SysCtlGPIOAHBEnable
0000257d   SysCtlGPIOAHBDisable
00002599   SysCtlUSBPLLEnable
000025a5   SysCtlUSBPLLDisable
000025b1   SysCtlVoltageEventConfig
000025c1   SysCtlVoltageEventStatus
000025d1   SysCtlVoltageEventClear
000025e9   SysCtlNMIStatus
000025ef   SysCtlNMIClear
00002603   SysCtlClockOutConfig
0000261f   SysCtlAltClkConfig
0000322b   __TI_printfi
00003535   fUart_CreateClass
00003581   fUart_DestroyClass
000041d5   mfrc522_CreateClass
00004229   mfrc522_DestroyClass
00004e2d   ektm4c123gxl_CreateClass
00004f71   ektm4c123gxl_DestroyClass
000055dd   ektm4c123gxl_UART_SendString
00005a8f   GPIODirModeSet
00005aeb   GPIODirModeGet
00005b37   GPIOIntTypeSet
00005bdb   GPIOIntTypeGet
00005c79   GPIOPadConfigSet
00005eb7   GPIOPadConfigGet
00006009   GPIOIntEnable
00006023   GPIOIntDisable
0000603d   GPIOIntStatus
0000605f   GPIOIntClear
00006073   GPIOIntRegister
00006091   GPIOIntUnregister
000060ab   GPIOPinRead
000060c3   GPIOPinWrite
000060e3   GPIOPinTypeADC
00006107   GPIOPinTypeCAN
0000612b   GPIOPinTypeComparator
0000614f   GPIOPinTypeEPI
00006173   GPIOPinTypeEthernetLED
00006197   GPIOPinTypeEthernetMII
000061bb   GPIOPinTypeFan
000061df   GPIOPinTypeGPIOInput
00006203   GPIOPinTypeGPIOOutput
00006227   GPIOPinTypeGPIOOutputOD
0000624b   GPIOPinTypeI2C
0000626f   GPIOPinTypeI2CSCL
00006293   GPIOPinTypeLCD
000062b7   GPIOPinTypeLPC
000062db   GPIOPinTypePECIRx
000062ff   GPIOPinTypePECITx
00006323   GPIOPinTypePWM
00006347   GPIOPinTypeQEI
0000636b   GPIOPinTypeSSI
0000638f   GPIOPinTypeTimer
000063b3   GPIOPinTypeUART
000063d7   GPIOPinTypeUSBAnalog
000063fb   GPIOPinTypeUSBDigital
0000641f   GPIOPinTypeWakeHigh
00006445   GPIOPinTypeWakeLow
0000646b   GPIOPinTypeKBRow
0000648f   GPIOPinTypeKBColumn
000064b3   GPIOPinTypeLEDSeq
000064d7   GPIOPinTypeCIR
000064fb   GPIOPinWakeStatus
0000650b   GPIOPinConfigure
00006569   GPIODMATriggerEnable
00006587   GPIODMATriggerDisable
000065a5   GPIOADCTriggerEnable
000065c3   GPIOADCTriggerDisable
000065e9   fSpi_CreateClass
0000662f   fSpi_DestroyClass
0000663b   fSpi_CreateInitStruct
00006743   fSpi_DestroyInitStruct
00006f75   fTim_CreateClass
00006fb5   fTim_DestroyClass
00007613   UARTParityModeSet
0000762f   UARTParityModeGet
00007641   UARTFIFOLevelSet
00007659   UARTFIFOLevelGet
00007681   UARTConfigSetExpClk
000076f7   UARTConfigGetExpClk
00007743   UARTEnable
00007767   UARTDisable
00007791   UARTFIFOEnable
000077a7   UARTFIFODisable
000077bd   UARTEnableSIR
000077eb   UARTDisableSIR
00007801   UARTSmartCardEnable
00007833   UARTSmartCardDisable
00007849   UARTModemControlSet
00007889   UARTModemControlClear
000078ad   UARTModemControlGet
000078bf   UARTModemStatusGet
000078d3   UARTFlowControlSet
000078ef   UARTFlowControlGet
00007901   UARTTxIntModeSet
0000791d   UARTTxIntModeGet
0000792f   UARTCharsAvail
0000794d   UARTSpaceAvail
0000796b   UARTCharGetNonBlocking
00007987   UARTCharGet
0000799d   UARTCharPutNonBlocking
000079c1   UARTCharPut
000079df   UARTBreakCtl
00007a09   UARTBusy
00007a27   UARTIntRegister
00007a49   UARTIntUnregister
00007a63   UARTIntEnable
00007a7b   UARTIntDisable
00007a93   UARTIntStatus
00007ab1   UARTIntClear
00007ac3   UARTDMAEnable
00007adb   UARTDMADisable
00007af3   UARTRxErrorGet
00007b05   UARTRxErrorClear
00007b15   UARTClockSourceSet
00007b29   UARTClockSourceGet
00007b39   UART9BitEnable
00007b4f   UART9BitDisable
00007b65   UART9BitAddrSet
00007b8b   UART9BitAddrSend
00007c4b   TimerEnable
00007c69   TimerDisable
00007c87   TimerConfigure
00007d03   TimerControlLevel
00007d39   TimerControlTrigger
00007da7   TimerControlEvent
00007dd1   TimerControlStall
00007e07   TimerControlWaitOnTrigger
00007e67   TimerRTCEnable
00007e7d   TimerRTCDisable
00007ea9   TimerClockSourceSet
00007ec5   TimerClockSourceGet
00007ed5   TimerPrescaleSet
00007eff   TimerPrescaleGet
00007f1b   TimerPrescaleMatchSet
00007f49   TimerPrescaleMatchGet
00007f65   TimerLoadSet
00007f8f   TimerLoadGet
00007fab   TimerLoadSet64
00007fcb   TimerLoadGet64
00007ffd   TimerValueGet
00008019   TimerValueGet64
0000804b   TimerMatchSet
00008075   TimerMatchGet
00008091   TimerMatchSet64
000080b1   TimerMatchGet64
000080e3   TimerIntRegister
0000810b   TimerIntUnregister
00008129   TimerIntEnable
00008141   TimerIntDisable
00008159   TimerIntStatus
00008177   TimerIntClear
00008189   TimerSynchronize
0000819b   TimerADCEventSet
000081ad   TimerADCEventGet
000081bb   TimerDMAEventSet
000081cd   TimerDMAEventGet
000081dd   minit
00008269   malloc
000082cb   free
0000838b   realloc
00008491   memalign
00008571   calloc
000085ab   IntMasterEnable
000085bb   IntMasterDisable
000085cb   IntRegister
0000861d   IntUnregister
00008631   IntPriorityGroupingSet
0000864b   IntPriorityGroupingGet
00008683   IntPrioritySet
000086d3   IntPriorityGet
000086f7   IntEnable
00008769   IntDisable
000087db   IntIsEnabled
00008861   IntPendSet
000088d1   IntPendClear
0000891f   IntPriorityMaskSet
0000892b   IntPriorityMaskGet
00008933   IntTrigger
000089cb   SSIConfigSetExpClk
00008a57   SSIEnable
00008a6d   SSIDisable
00008a83   SSIIntRegister
00008aa1   SSIIntUnregister
00008abb   SSIIntEnable
00008ad3   SSIIntDisable
00008aeb   SSIIntStatus
00008b09   SSIIntClear
00008b1b   SSIDataPut
00008b35   SSIDataPutNonBlocking
00008b55   SSIDataGet
00008b71   SSIDataGetNonBlocking
00008b93   SSIDMAEnable
00008bab   SSIDMADisable
00008bc3   SSIBusy
00008be1   SSIClockSourceSet
00008bf5   SSIClockSourceGet
00008c21   SSIAdvModeSet
00008c3d   SSIAdvDataPutFrameEnd
00008c63   SSIAdvDataPutFrameEndNonBlocking
00008c8f   SSIAdvFrameHoldEnable
00008ca5   SSIAdvFrameHoldDisable
00008cbd   write
00008d4d   remove
00008d4d   unlink
00008d71   rename
00008daf   remove_device
00008dd7   read
00008dfb   open
00008ea9   lseek
00008ecd   close
00008f1f   add_device
00008fcd   HOSTwrite
00009019   HOSTunlink
00009051   HOSTtime
0000908b   HOSTrename
000090e9   HOSTread
00009135   HOSTopen
00009187   HOSTlseek
000091e3   HOSTgetenv
00009221   HOSTclose
00009259   HOSTclock
000092a1   assert_failed
000092b3   main
000094b9   __aeabi_uldivmod
00009775   __TI_cleanup
000097a1   freopen
000097cb   fopen
0000986d   __aeabi_dsub
00009877   __aeabi_dadd
00009a23   __aeabi_ddiv
00009b59   fputs
00009c65   puts
00009c8d   __aeabi_dmul
00009d89   setvbuf
00009e65   __TI_doflush
00009eb1   fflush
00009f25   __TI_wrt_ok
00009f87   __TI_rd_ok
00009fd1   fputc
0000a055   putc
0000a059   putchar
0000a06d   __aeabi_memcpy
0000a06d   __aeabi_memcpy4
0000a06d   __aeabi_memcpy8
0000a06d   memcpy
0000a109   __TI_closefile
0000a16f   fclose
0000a1a1   __TI_auto_init
0000a235   __aeabi_cdcmpeq
0000a235   __aeabi_cdcmple
0000a2bb   __aeabi_cdrcmple
0000a341   __aeabi_memclr
0000a341   __aeabi_memclr4
0000a341   __aeabi_memclr8
0000a343   __aeabi_memset
0000a343   __aeabi_memset4
0000a343   __aeabi_memset8
0000a349   memset
0000a3c1   printf
0000a429   fseek
0000a48d   __TI_writemsg
0000a4b7   C$$IO$$
0000a4bb   __TI_readmsg
0000a54b   __aeabi_d2ulz
0000a5a7   ltoa
0000a601   atoi
0000a64d   _c_int00
0000a695   __aeabi_d2iz
0000a6dd   copy_in
0000a721   C$$EXIT
0000a725   abort
0000a72d   exit
0000a765   _Dtest
0000a7a9   CPUcpsid
0000a7b5   CPUprimask
0000a7bf   CPUcpsie
0000a7cb   CPUwfi
0000a7cf   CPUbasepriSet
0000a7dd   CPUbasepriGet
0000a7e7   strncpy
0000a817   __aeabi_i2d
0000a845   memcmp
0000a867   __aeabi_ui2d
0000a887   memccpy
0000a8a5   _args_main
0000a8bd   __aeabi_lmul
0000a8d5   strcmp
0000a8ed   memchr
0000a903   strchr
0000a919   _register_unlock
0000a91f   _register_lock
0000a927   _nop
0000a92d   strlen
0000a941   __TI_zero_init
0000a953   _Dclass
0000a965   strcpy
0000a975   __TI_decompress_none
0000a983   ResetISR
0000a98f   SysCtlDelay
0000a995   __TI_decompress_rle24
0000aabc   _ctypes_
0000b240   __TI_Handler_Table_Base
0000b24c   __TI_Handler_Table_Limit
0000b260   __TI_CINIT_Base
0000b278   __TI_CINIT_Limit
20000000   g_pfnRAMVectors
2000026c   __stack
2000046c   __STACK_TOP
2000066c   __STACK_END
20000670   _sys_memory
20000a70   _ftable
20000c30   __TI_ft_end
20000c34   __aeabi_stdin
20000c38   __aeabi_stdout
20000c3c   __aeabi_stderr
20000c4c   _lock
20000c50   _unlock
20000c54   __TI_cleanup_ptr
20000c58   __TI_dtors_ptr
20000c60   main_func_sp
20000c64   __CIOBUF_
20000d84   __TI_tmpnams
20000e2c   GpioClass
20000e30   SpiClass
20000e34   TimerClass
20000e38   UartClass
20000e3c   UartDbgRxBuf
20000e40   UartDbgTxBuf
ffffffff   __binit__
ffffffff   __c_args__
ffffffff   binit
UNDEFED    SHT$$INIT_ARRAY$$Base
UNDEFED    SHT$$INIT_ARRAY$$Limit

[386 symbols]
