******************************************************************************
                  TI ARM Linker PC v5.1.6                      
******************************************************************************
>> Linked Tue Feb 17 18:52:12 2015

OUTPUT FILE NAME:   <RFID Project.out>
ENTRY POINT SYMBOL: "_c_int00"  address: 00006fd9


MEMORY CONFIGURATION

         name            origin    length      used     unused   attr    fill
----------------------  --------  ---------  --------  --------  ----  --------
  FLASH                 00000000   00040000  00007ada  00038526  R  X
  SRAM                  20000000   00008000  00000828  000077d8  RW X


SEGMENT ALLOCATION MAP

run origin  load origin   length   init length attrs members
----------  ----------- ---------- ----------- ----- -------
00000000    00000000    00007ae0   00007ae0    r-x
  00000000    00000000    0000026c   0000026c    r-- .intvecs
  0000026c    0000026c    00007076   00007076    r-x .text
  000072e4    000072e4    00000748   00000748    r-- .const
  00007a30    00007a30    000000b0   000000b0    r-- .cinit
20000000    20000000    0000082c   00000000    rw-
  20000000    20000000    0000026c   00000000    rw- .vtable
  20000270    20000270    00000200   00000000    rw- .sysmem
  20000470    20000470    000001f4   00000000    rw- .data
  20000664    20000664    000001c8   00000000    rw- .bss


SECTION ALLOCATION MAP

 output                                  attributes/
section   page    origin      length       input sections
--------  ----  ----------  ----------   ----------------
.intvecs   0    00000000    0000026c     
                  00000000    0000026c     tm4c123gh6pm_startup_ccs.obj (.intvecs)

.init_array 
*          0    00000000    00000000     UNINITIALIZED

.text      0    0000026c    00007076     
                  0000026c    000012a8     functions_gpio.obj (.text)
                  00001514    00000f00     sysctl.obj (.text)
                  00002414    00000ec0     rtsv7M4_T_le_v4SPD16_eabi.lib : _printfi.obj (.text)
                  000032d4    00000bbc     gpio.obj (.text)
                  00003e90    000008a4     functions_uart.obj (.text)
                  00004734    00000622     uart.obj (.text)
                  00004d56    00000002     --HOLE-- [fill = 0]
                  00004d58    000003cc     rtsv7M4_T_le_v4SPD16_eabi.lib : memory.obj (.text)
                  00005124    000003c0     interrupt.obj (.text)
                  000054e4    00000338     ektm4c123gxl.obj (.text)
                  0000581c    00000310     rtsv7M4_T_le_v4SPD16_eabi.lib : lowlev.obj (.text)
                  00005b2c    000002d4                                   : trgdrv.obj (.text)
                  00005e00    000001f4                                   : ull_div_t2.obj (.text)
                  00005ff4    000001c0                                   : fopen.obj (.text)
                  000061b4    000001b6                                   : fd_add_t2.obj (.text)
                  0000636a    00000136                                   : fd_div_t2.obj (.text)
                  000064a0    00000134                                   : fputs.obj (.text)
                  000065d4    000000fc                                   : fd_mul_t2.obj (.text)
                  000066d0    000000dc                                   : setvbuf.obj (.text)
                  000067ac    000000c0                                   : fflush.obj (.text)
                  0000686c    000000ac                                   : _io_perm.obj (.text)
                  00006918    000000a0     main.obj (.text)
                  000069b8    0000009c     rtsv7M4_T_le_v4SPD16_eabi.lib : fputc.obj (.text)
                  00006a54    0000009c                                   : memcpy_t2.obj (.text)
                  00006af0    00000098                                   : fclose.obj (.text)
                  00006b88    00000094                                   : auto_init.obj (.text)
                  00006c1c    00000086                                   : fd_cmp_t2.obj (.text:__aeabi_cdcmple)
                  00006ca2    00000086                                   : fd_cmp_t2.obj (.text:__aeabi_cdrcmple)
                  00006d28    00000078                                   : memset_t2.obj (.text)
                  00006da0    00000070                                   : printf.obj (.text)
                  00006e10    00000064                                   : fseek.obj (.text)
                  00006e74    00000060                                   : trgmsg.obj (.text)
                  00006ed4    0000005e                                   : copy_decompress_rle.obj (.text)
                  00006f32    0000005a                                   : ltoa.obj (.text)
                  00006f8c    0000004c                                   : atoi.obj (.text)
                  00006fd8    00000048                                   : boot.obj (.text)
                  00007020    00000048                                   : fd_toi_t2.obj (.text)
                  00007068    00000044                                   : cpy_tbl.obj (.text)
                  000070ac    00000044                                   : exit.obj (.text)
                  000070f0    00000044                                   : xdtest.obj (.text)
                  00007134    0000003e     cpu.obj (.text)
                  00007172    00000030     rtsv7M4_T_le_v4SPD16_eabi.lib : strncpy.obj (.text)
                  000071a2    0000002e                                   : i_tofd_t2.obj (.text)
                  000071d0    0000001c                                   : memccpy.obj (.text)
                  000071ec    00000018                                   : args_main.obj (.text)
                  00007204    00000018                                   : ll_mul_t2.obj (.text)
                  0000721c    00000018                                   : strcmp.obj (.text)
                  00007234    00000016                                   : memchr.obj (.text)
                  0000724a    00000016                                   : strchr.obj (.text)
                  00007260    00000014                                   : _lock.obj (.text)
                  00007274    00000014                                   : strlen.obj (.text)
                  00007288    00000012                                   : copy_zero_init.obj (.text:decompress:ZI)
                  0000729a    00000012                                   : xdclass.obj (.text)
                  000072ac    00000010                                   : strcpy.obj (.text)
                  000072bc    0000000e                                   : copy_decompress_none.obj (.text:decompress:none)
                  000072ca    0000000c     tm4c123gh6pm_startup_ccs.obj (.text)
                  000072d6    00000006     sysctl.obj (.text:SysCtlDelay)
                  000072dc    00000006     rtsv7M4_T_le_v4SPD16_eabi.lib : copy_decompress_rle.obj (.text:decompress:rle24)

.const     0    000072e4    00000748     
                  000072e4    00000120     sysctl.obj (.const:g_pppui32XTALtoVCO)
                  00007404    00000102     rtsv7M4_T_le_v4SPD16_eabi.lib : ctype.obj (.const:.string:_ctypes_)
                  00007506    00000002     --HOLE-- [fill = 0]
                  00007508    000000c0     gpio.obj (.const:g_ppui32GPIOIntMapBlizzard)
                  000075c8    000000c0     gpio.obj (.const:g_ppui32GPIOIntMapSnowflake)
                  00007688    0000009c     interrupt.obj (.const:g_pui32Regs)
                  00007724    00000090     gpio.obj (.const:g_pui32GPIOBaseAddrs)
                  000077b4    00000070     interrupt.obj (.const)
                  00007824    0000006c     sysctl.obj (.const:g_pui32Xtals)
                  00007890    00000060     ektm4c123gxl.obj (.const)
                  000078f0    00000040     functions_uart.obj (.const)
                  00007930    00000040     uart.obj (.const:g_ppui32UARTIntMap)
                  00007970    00000040     uart.obj (.const:g_ppui32UARTIntMapSnowflake)
                  000079b0    00000038     sysctl.obj (.const:g_sXTALtoMEMTIM)
                  000079e8    0000002c     ektm4c123gxl.obj (.const:$P$T3$6)
                  00007a14    00000008     gpio.obj (.const)
                  00007a1c    00000008     sysctl.obj (.const)
                  00007a24    00000008     uart.obj (.const)

.cinit     0    00007a30    000000b0     
                  00007a30    00000078     (.cinit..data.load) [load image, compression = rle]
                  00007aa8    0000000c     (__TI_handler_table)
                  00007ab4    00000004     --HOLE-- [fill = 0]
                  00007ab8    00000008     (.cinit..bss.load) [load image, compression = zero_init]
                  00007ac0    00000008     (.cinit..vtable.load) [load image, compression = zero_init]
                  00007ac8    00000018     (__TI_cinit_table)

.vtable    0    20000000    0000026c     UNINITIALIZED
                  20000000    0000026c     interrupt.obj (.vtable)

.stack     0    20000000    00000000     UNINITIALIZED

.sysmem    0    20000270    00000200     UNINITIALIZED
                  20000270    00000008     rtsv7M4_T_le_v4SPD16_eabi.lib : memory.obj (.sysmem)
                  20000278    000001f8     --HOLE--

.data      0    20000470    000001f4     UNINITIALIZED
                  20000470    000000f0     rtsv7M4_T_le_v4SPD16_eabi.lib : defs.obj (.data:_ftable)
                  20000560    000000d0                                   : lowlev.obj (.data)
                  20000630    00000010                                   : defs.obj (.data)
                  20000640    0000000c                                   : memory.obj (.data)
                  2000064c    00000008                                   : _lock.obj (.data)
                  20000654    00000008                                   : exit.obj (.data)
                  2000065c    00000004                                   : fopen.obj (.data)
                  20000660    00000004                                   : stkdepth_vars.obj (.data)

.bss       0    20000664    000001c8     UNINITIALIZED
                  20000664    00000120     rtsv7M4_T_le_v4SPD16_eabi.lib : trgmsg.obj (.bss:__CIOBUF_)
                  20000784    000000a0                                   : defs.obj (.bss:__TI_tmpnams)
                  20000824    00000008     (.common:parmbuf)


LINKER GENERATED COPY TABLES

__TI_cinit_table @ 00007ac8 records: 3, size/record: 8, table size: 24
	.data: load addr=00007a30, load size=00000078 bytes, run addr=20000470, run size=000001f4 bytes, compression=rle
	.bss: load addr=00007ab8, load size=00000008 bytes, run addr=20000664, run size=000001c8 bytes, compression=zero_init
	.vtable: load addr=00007ac0, load size=00000008 bytes, run addr=20000000, run size=0000026c bytes, compression=zero_init


LINKER GENERATED HANDLER TABLE

__TI_handler_table @ 00007aa8 records: 3, size/record: 4, table size: 12
	index: 0, handler: __TI_zero_init
	index: 1, handler: __TI_decompress_rle24
	index: 2, handler: __TI_decompress_none


GLOBAL SYMBOLS: SORTED ALPHABETICALLY BY Name 

address    name
--------   ----
000070ad   C$$EXIT
00006e9f   C$$IO$$
00007169   CPUbasepriGet
0000715b   CPUbasepriSet
00007135   CPUcpsid
0000714b   CPUcpsie
00007141   CPUprimask
00007157   CPUwfi
00003e6b   GPIOADCTriggerDisable
00003e4d   GPIOADCTriggerEnable
00003e2f   GPIODMATriggerDisable
00003e11   GPIODMATriggerEnable
00003393   GPIODirModeGet
00003337   GPIODirModeSet
00003907   GPIOIntClear
000038cb   GPIOIntDisable
000038b1   GPIOIntEnable
0000391b   GPIOIntRegister
000038e5   GPIOIntStatus
00003483   GPIOIntTypeGet
000033df   GPIOIntTypeSet
00003939   GPIOIntUnregister
0000375f   GPIOPadConfigGet
00003521   GPIOPadConfigSet
00003db3   GPIOPinConfigure
00003953   GPIOPinRead
0000398b   GPIOPinTypeADC
000039af   GPIOPinTypeCAN
00003d7f   GPIOPinTypeCIR
000039d3   GPIOPinTypeComparator
000039f7   GPIOPinTypeEPI
00003a1b   GPIOPinTypeEthernetLED
00003a3f   GPIOPinTypeEthernetMII
00003a63   GPIOPinTypeFan
00003a87   GPIOPinTypeGPIOInput
00003aab   GPIOPinTypeGPIOOutput
00003acf   GPIOPinTypeGPIOOutputOD
00003af3   GPIOPinTypeI2C
00003b17   GPIOPinTypeI2CSCL
00003d37   GPIOPinTypeKBColumn
00003d13   GPIOPinTypeKBRow
00003b3b   GPIOPinTypeLCD
00003d5b   GPIOPinTypeLEDSeq
00003b5f   GPIOPinTypeLPC
00003b83   GPIOPinTypePECIRx
00003ba7   GPIOPinTypePECITx
00003bcb   GPIOPinTypePWM
00003bef   GPIOPinTypeQEI
00003c13   GPIOPinTypeSSI
00003c37   GPIOPinTypeTimer
00003c5b   GPIOPinTypeUART
00003c7f   GPIOPinTypeUSBAnalog
00003ca3   GPIOPinTypeUSBDigital
00003cc7   GPIOPinTypeWakeHigh
00003ced   GPIOPinTypeWakeLow
00003da3   GPIOPinWakeStatus
0000396b   GPIOPinWrite
00005db9   HOSTclock
00005d81   HOSTclose
00005d43   HOSTgetenv
00005ce7   HOSTlseek
00005c95   HOSTopen
00005c49   HOSTread
00005beb   HOSTrename
00005bb1   HOSTtime
00005b79   HOSTunlink
00005b2d   HOSTwrite
0000692b   IRQHandler
000052e5   IntDisable
00005273   IntEnable
00005357   IntIsEnabled
00005137   IntMasterDisable
00005127   IntMasterEnable
0000544d   IntPendClear
000053dd   IntPendSet
0000524f   IntPriorityGet
000051c7   IntPriorityGroupingGet
000051ad   IntPriorityGroupingSet
000054a7   IntPriorityMaskGet
0000549b   IntPriorityMaskSet
000051ff   IntPrioritySet
00005147   IntRegister
000054af   IntTrigger
00005199   IntUnregister
000072cb   ResetISR
UNDEFED    SHT$$INIT_ARRAY$$Base
UNDEFED    SHT$$INIT_ARRAY$$Limit
000022f3   SysCtlADCSpeedGet
000022c9   SysCtlADCSpeedSet
000023bf   SysCtlAltClkConfig
00001b81   SysCtlClockFreqSet
0000206d   SysCtlClockGet
000023a3   SysCtlClockOutConfig
00001e9d   SysCtlClockSet
00001a81   SysCtlDeepSleep
000021e1   SysCtlDeepSleepClockConfigSet
000021c1   SysCtlDeepSleepClockSet
00001a61   SysCtlDeepSleepPowerSet
000072d7   SysCtlDelay
0000160d   SysCtlFlashSectorSizeGet
000015e1   SysCtlFlashSizeGet
0000231d   SysCtlGPIOAHBDisable
00002301   SysCtlGPIOAHBEnable
000019f5   SysCtlIntClear
000019dd   SysCtlIntDisable
000019c9   SysCtlIntEnable
000019a1   SysCtlIntRegister
00001a05   SysCtlIntStatus
000019b9   SysCtlIntUnregister
00001a47   SysCtlLDODeepSleepGet
00001a37   SysCtlLDODeepSleepSet
00001a31   SysCtlLDOSleepGet
00001a21   SysCtlLDOSleepSet
00001ab7   SysCtlMOSCConfigSet
0000238f   SysCtlNMIClear
00002389   SysCtlNMIStatus
00001acd   SysCtlPIOSCCalibrate
000022af   SysCtlPWMClockGet
00002295   SysCtlPWMClockSet
0000194d   SysCtlPeripheralClockGating
00001905   SysCtlPeripheralDeepSleepDisable
000018b5   SysCtlPeripheralDeepSleepEnable
000017f1   SysCtlPeripheralDisable
000017b5   SysCtlPeripheralEnable
000016f1   SysCtlPeripheralPowerOff
000016b5   SysCtlPeripheralPowerOn
00001635   SysCtlPeripheralPresent
00001675   SysCtlPeripheralReady
0000172d   SysCtlPeripheralReset
00001879   SysCtlPeripheralSleepDisable
00001835   SysCtlPeripheralSleepEnable
00001a71   SysCtlReset
00001b2d   SysCtlResetBehaviorGet
00001b1d   SysCtlResetBehaviorSet
00001aa3   SysCtlResetCauseClear
00001a9d   SysCtlResetCauseGet
000015d7   SysCtlSRAMSizeGet
00001a79   SysCtlSleep
00001a4d   SysCtlSleepPowerSet
00002345   SysCtlUSBPLLDisable
00002339   SysCtlUSBPLLEnable
00002371   SysCtlVoltageEventClear
00002351   SysCtlVoltageEventConfig
00002361   SysCtlVoltageEventStatus
00004d0f   UART9BitAddrSend
00004ce9   UART9BitAddrSet
00004cd3   UART9BitDisable
00004cbd   UART9BitEnable
00004b63   UARTBreakCtl
00004b8d   UARTBusy
00004b0b   UARTCharGet
00004aef   UARTCharGetNonBlocking
00004b45   UARTCharPut
00004b21   UARTCharPutNonBlocking
00004ab3   UARTCharsAvail
00004cad   UARTClockSourceGet
00004c99   UARTClockSourceSet
0000487b   UARTConfigGetExpClk
00004805   UARTConfigSetExpClk
00004c5f   UARTDMADisable
00004c47   UARTDMAEnable
000048eb   UARTDisable
0000496f   UARTDisableSIR
000048c7   UARTEnable
00004941   UARTEnableSIR
0000492b   UARTFIFODisable
00004915   UARTFIFOEnable
000047dd   UARTFIFOLevelGet
000047c5   UARTFIFOLevelSet
00004a73   UARTFlowControlGet
00004a57   UARTFlowControlSet
00004c35   UARTIntClear
00004bff   UARTIntDisable
00004be7   UARTIntEnable
00004bab   UARTIntRegister
00004c17   UARTIntStatus
00004bcd   UARTIntUnregister
00004a0d   UARTModemControlClear
00004a31   UARTModemControlGet
000049cd   UARTModemControlSet
00004a43   UARTModemStatusGet
000047b3   UARTParityModeGet
00004797   UARTParityModeSet
00004c89   UARTRxErrorClear
00004c77   UARTRxErrorGet
000049b7   UARTSmartCardDisable
00004985   UARTSmartCardEnable
00004ad1   UARTSpaceAvail
00004aa1   UARTTxIntModeGet
00004a85   UARTTxIntModeSet
0000729b   _Dclass
000070f1   _Dtest
20000664   __CIOBUF_
20000000   __STACK_END
00000000   __STACK_SIZE
20000200   __STACK_TOP
00000200   __SYSMEM_SIZE
00007ac8   __TI_CINIT_Base
00007ae0   __TI_CINIT_Limit
00007aa8   __TI_Handler_Table_Base
00007ab4   __TI_Handler_Table_Limit
00000001   __TI_args_main
00006b89   __TI_auto_init
000060bd   __TI_cleanup
20000654   __TI_cleanup_ptr
00006af1   __TI_closefile
000072bd   __TI_decompress_none
000072dd   __TI_decompress_rle24
000067ad   __TI_doflush
20000658   __TI_dtors_ptr
20000630   __TI_ft_end
00002fcb   __TI_printfi
000068cf   __TI_rd_ok
00006ea3   __TI_readmsg
00000000   __TI_static_base__
20000784   __TI_tmpnams
00006e75   __TI_writemsg
0000686d   __TI_wrt_ok
00007289   __TI_zero_init
00006c1d   __aeabi_cdcmpeq
00006c1d   __aeabi_cdcmple
00006ca3   __aeabi_cdrcmple
00007021   __aeabi_d2iz
000061bf   __aeabi_dadd
0000636b   __aeabi_ddiv
000065d5   __aeabi_dmul
000061b5   __aeabi_dsub
000071a3   __aeabi_i2d
00007205   __aeabi_lmul
00006d29   __aeabi_memclr
00006d29   __aeabi_memclr4
00006d29   __aeabi_memclr8
00006a55   __aeabi_memcpy
00006a55   __aeabi_memcpy4
00006a55   __aeabi_memcpy8
00006d2b   __aeabi_memset
00006d2b   __aeabi_memset4
00006d2b   __aeabi_memset8
2000063c   __aeabi_stderr
20000634   __aeabi_stdin
20000638   __aeabi_stdout
00005e01   __aeabi_uldivmod
ffffffff   __binit__
ffffffff   __c_args__
20000000   __stack
000071ed   _args_main
00006fd9   _c_int00
00007404   _ctypes_
20000470   _ftable
2000064c   _lock
0000726f   _nop
00007267   _register_lock
00007261   _register_unlock
20000270   _sys_memory
20000650   _unlock
000070b1   abort
00005a7f   add_device
00006919   assert_failed
00006f8d   atoi
ffffffff   binit
000054e5   brd_LedInit
00005543   brd_LedInteract
000056bd   brd_PushButtonGetInt
000055bb   brd_PushButtonInit
0000566f   brd_PushButtonInitInt
00005603   brd_PushButtonRead
000057b5   brd_UartDbgDefIRQHandler
00005731   brd_UartInit
000050ed   calloc
00005a2d   close
00007069   copy_in
000070b9   exit
00000eed   fGpio_Init
00001285   fGpio_IntClear
000013e1   fGpio_IntGet
00001105   fGpio_IntInit
0000026d   fGpio_enableSysCtl
00000451   fGpio_getIntPin
00000dc5   fGpio_getLevel
000014bf   fGpio_setAlternateFunction
000006d1   fGpio_setConfig
000008c1   fGpio_setDirection
000009f9   fGpio_setHigh
00000b17   fGpio_setLow
00000c89   fGpio_setToggle
0000059d   fGpio_unlockPin
0000400f   fUart_DeInit
0000430d   fUart_Init
000045d5   fUart_IntClear
00004549   fUart_IntGet
000044b1   fUart_IntInit
000042a7   fUart_Start
00003e91   fUart_enableSysCtl
000046af   fUart_receiveByte
00004641   fUart_sendByte
0000409d   fUart_setConfig
00003f67   fUart_setPins
00006b57   fclose
000067f9   fflush
00006113   fopen
000069b9   fputc
000064a1   fputs
00004e47   free
000060e9   freopen
00006e11   fseek
20000000   g_pfnRAMVectors
00000000   g_pfnVectors
00005a09   lseek
00006f33   ltoa
00006959   main
20000660   main_func_sp
00004de5   malloc
0000500d   memalign
000071d1   memccpy
00007235   memchr
00006a55   memcpy
00006d31   memset
00004d59   minit
0000595b   open
00006da9   printf
00006a3d   putc
00006a41   putchar
000065ad   puts
00005937   read
00004f07   realloc
000058ad   remove
0000590f   remove_device
000058d1   rename
000066d1   setvbuf
0000724b   strchr
0000721d   strcmp
000072ad   strcpy
00007275   strlen
00007173   strncpy
000058ad   unlink
0000581d   write


GLOBAL SYMBOLS: SORTED BY Symbol Address 

address    name
--------   ----
00000000   __STACK_SIZE
00000000   __TI_static_base__
00000000   g_pfnVectors
00000001   __TI_args_main
00000200   __SYSMEM_SIZE
0000026d   fGpio_enableSysCtl
00000451   fGpio_getIntPin
0000059d   fGpio_unlockPin
000006d1   fGpio_setConfig
000008c1   fGpio_setDirection
000009f9   fGpio_setHigh
00000b17   fGpio_setLow
00000c89   fGpio_setToggle
00000dc5   fGpio_getLevel
00000eed   fGpio_Init
00001105   fGpio_IntInit
00001285   fGpio_IntClear
000013e1   fGpio_IntGet
000014bf   fGpio_setAlternateFunction
000015d7   SysCtlSRAMSizeGet
000015e1   SysCtlFlashSizeGet
0000160d   SysCtlFlashSectorSizeGet
00001635   SysCtlPeripheralPresent
00001675   SysCtlPeripheralReady
000016b5   SysCtlPeripheralPowerOn
000016f1   SysCtlPeripheralPowerOff
0000172d   SysCtlPeripheralReset
000017b5   SysCtlPeripheralEnable
000017f1   SysCtlPeripheralDisable
00001835   SysCtlPeripheralSleepEnable
00001879   SysCtlPeripheralSleepDisable
000018b5   SysCtlPeripheralDeepSleepEnable
00001905   SysCtlPeripheralDeepSleepDisable
0000194d   SysCtlPeripheralClockGating
000019a1   SysCtlIntRegister
000019b9   SysCtlIntUnregister
000019c9   SysCtlIntEnable
000019dd   SysCtlIntDisable
000019f5   SysCtlIntClear
00001a05   SysCtlIntStatus
00001a21   SysCtlLDOSleepSet
00001a31   SysCtlLDOSleepGet
00001a37   SysCtlLDODeepSleepSet
00001a47   SysCtlLDODeepSleepGet
00001a4d   SysCtlSleepPowerSet
00001a61   SysCtlDeepSleepPowerSet
00001a71   SysCtlReset
00001a79   SysCtlSleep
00001a81   SysCtlDeepSleep
00001a9d   SysCtlResetCauseGet
00001aa3   SysCtlResetCauseClear
00001ab7   SysCtlMOSCConfigSet
00001acd   SysCtlPIOSCCalibrate
00001b1d   SysCtlResetBehaviorSet
00001b2d   SysCtlResetBehaviorGet
00001b81   SysCtlClockFreqSet
00001e9d   SysCtlClockSet
0000206d   SysCtlClockGet
000021c1   SysCtlDeepSleepClockSet
000021e1   SysCtlDeepSleepClockConfigSet
00002295   SysCtlPWMClockSet
000022af   SysCtlPWMClockGet
000022c9   SysCtlADCSpeedSet
000022f3   SysCtlADCSpeedGet
00002301   SysCtlGPIOAHBEnable
0000231d   SysCtlGPIOAHBDisable
00002339   SysCtlUSBPLLEnable
00002345   SysCtlUSBPLLDisable
00002351   SysCtlVoltageEventConfig
00002361   SysCtlVoltageEventStatus
00002371   SysCtlVoltageEventClear
00002389   SysCtlNMIStatus
0000238f   SysCtlNMIClear
000023a3   SysCtlClockOutConfig
000023bf   SysCtlAltClkConfig
00002fcb   __TI_printfi
00003337   GPIODirModeSet
00003393   GPIODirModeGet
000033df   GPIOIntTypeSet
00003483   GPIOIntTypeGet
00003521   GPIOPadConfigSet
0000375f   GPIOPadConfigGet
000038b1   GPIOIntEnable
000038cb   GPIOIntDisable
000038e5   GPIOIntStatus
00003907   GPIOIntClear
0000391b   GPIOIntRegister
00003939   GPIOIntUnregister
00003953   GPIOPinRead
0000396b   GPIOPinWrite
0000398b   GPIOPinTypeADC
000039af   GPIOPinTypeCAN
000039d3   GPIOPinTypeComparator
000039f7   GPIOPinTypeEPI
00003a1b   GPIOPinTypeEthernetLED
00003a3f   GPIOPinTypeEthernetMII
00003a63   GPIOPinTypeFan
00003a87   GPIOPinTypeGPIOInput
00003aab   GPIOPinTypeGPIOOutput
00003acf   GPIOPinTypeGPIOOutputOD
00003af3   GPIOPinTypeI2C
00003b17   GPIOPinTypeI2CSCL
00003b3b   GPIOPinTypeLCD
00003b5f   GPIOPinTypeLPC
00003b83   GPIOPinTypePECIRx
00003ba7   GPIOPinTypePECITx
00003bcb   GPIOPinTypePWM
00003bef   GPIOPinTypeQEI
00003c13   GPIOPinTypeSSI
00003c37   GPIOPinTypeTimer
00003c5b   GPIOPinTypeUART
00003c7f   GPIOPinTypeUSBAnalog
00003ca3   GPIOPinTypeUSBDigital
00003cc7   GPIOPinTypeWakeHigh
00003ced   GPIOPinTypeWakeLow
00003d13   GPIOPinTypeKBRow
00003d37   GPIOPinTypeKBColumn
00003d5b   GPIOPinTypeLEDSeq
00003d7f   GPIOPinTypeCIR
00003da3   GPIOPinWakeStatus
00003db3   GPIOPinConfigure
00003e11   GPIODMATriggerEnable
00003e2f   GPIODMATriggerDisable
00003e4d   GPIOADCTriggerEnable
00003e6b   GPIOADCTriggerDisable
00003e91   fUart_enableSysCtl
00003f67   fUart_setPins
0000400f   fUart_DeInit
0000409d   fUart_setConfig
000042a7   fUart_Start
0000430d   fUart_Init
000044b1   fUart_IntInit
00004549   fUart_IntGet
000045d5   fUart_IntClear
00004641   fUart_sendByte
000046af   fUart_receiveByte
00004797   UARTParityModeSet
000047b3   UARTParityModeGet
000047c5   UARTFIFOLevelSet
000047dd   UARTFIFOLevelGet
00004805   UARTConfigSetExpClk
0000487b   UARTConfigGetExpClk
000048c7   UARTEnable
000048eb   UARTDisable
00004915   UARTFIFOEnable
0000492b   UARTFIFODisable
00004941   UARTEnableSIR
0000496f   UARTDisableSIR
00004985   UARTSmartCardEnable
000049b7   UARTSmartCardDisable
000049cd   UARTModemControlSet
00004a0d   UARTModemControlClear
00004a31   UARTModemControlGet
00004a43   UARTModemStatusGet
00004a57   UARTFlowControlSet
00004a73   UARTFlowControlGet
00004a85   UARTTxIntModeSet
00004aa1   UARTTxIntModeGet
00004ab3   UARTCharsAvail
00004ad1   UARTSpaceAvail
00004aef   UARTCharGetNonBlocking
00004b0b   UARTCharGet
00004b21   UARTCharPutNonBlocking
00004b45   UARTCharPut
00004b63   UARTBreakCtl
00004b8d   UARTBusy
00004bab   UARTIntRegister
00004bcd   UARTIntUnregister
00004be7   UARTIntEnable
00004bff   UARTIntDisable
00004c17   UARTIntStatus
00004c35   UARTIntClear
00004c47   UARTDMAEnable
00004c5f   UARTDMADisable
00004c77   UARTRxErrorGet
00004c89   UARTRxErrorClear
00004c99   UARTClockSourceSet
00004cad   UARTClockSourceGet
00004cbd   UART9BitEnable
00004cd3   UART9BitDisable
00004ce9   UART9BitAddrSet
00004d0f   UART9BitAddrSend
00004d59   minit
00004de5   malloc
00004e47   free
00004f07   realloc
0000500d   memalign
000050ed   calloc
00005127   IntMasterEnable
00005137   IntMasterDisable
00005147   IntRegister
00005199   IntUnregister
000051ad   IntPriorityGroupingSet
000051c7   IntPriorityGroupingGet
000051ff   IntPrioritySet
0000524f   IntPriorityGet
00005273   IntEnable
000052e5   IntDisable
00005357   IntIsEnabled
000053dd   IntPendSet
0000544d   IntPendClear
0000549b   IntPriorityMaskSet
000054a7   IntPriorityMaskGet
000054af   IntTrigger
000054e5   brd_LedInit
00005543   brd_LedInteract
000055bb   brd_PushButtonInit
00005603   brd_PushButtonRead
0000566f   brd_PushButtonInitInt
000056bd   brd_PushButtonGetInt
00005731   brd_UartInit
000057b5   brd_UartDbgDefIRQHandler
0000581d   write
000058ad   remove
000058ad   unlink
000058d1   rename
0000590f   remove_device
00005937   read
0000595b   open
00005a09   lseek
00005a2d   close
00005a7f   add_device
00005b2d   HOSTwrite
00005b79   HOSTunlink
00005bb1   HOSTtime
00005beb   HOSTrename
00005c49   HOSTread
00005c95   HOSTopen
00005ce7   HOSTlseek
00005d43   HOSTgetenv
00005d81   HOSTclose
00005db9   HOSTclock
00005e01   __aeabi_uldivmod
000060bd   __TI_cleanup
000060e9   freopen
00006113   fopen
000061b5   __aeabi_dsub
000061bf   __aeabi_dadd
0000636b   __aeabi_ddiv
000064a1   fputs
000065ad   puts
000065d5   __aeabi_dmul
000066d1   setvbuf
000067ad   __TI_doflush
000067f9   fflush
0000686d   __TI_wrt_ok
000068cf   __TI_rd_ok
00006919   assert_failed
0000692b   IRQHandler
00006959   main
000069b9   fputc
00006a3d   putc
00006a41   putchar
00006a55   __aeabi_memcpy
00006a55   __aeabi_memcpy4
00006a55   __aeabi_memcpy8
00006a55   memcpy
00006af1   __TI_closefile
00006b57   fclose
00006b89   __TI_auto_init
00006c1d   __aeabi_cdcmpeq
00006c1d   __aeabi_cdcmple
00006ca3   __aeabi_cdrcmple
00006d29   __aeabi_memclr
00006d29   __aeabi_memclr4
00006d29   __aeabi_memclr8
00006d2b   __aeabi_memset
00006d2b   __aeabi_memset4
00006d2b   __aeabi_memset8
00006d31   memset
00006da9   printf
00006e11   fseek
00006e75   __TI_writemsg
00006e9f   C$$IO$$
00006ea3   __TI_readmsg
00006f33   ltoa
00006f8d   atoi
00006fd9   _c_int00
00007021   __aeabi_d2iz
00007069   copy_in
000070ad   C$$EXIT
000070b1   abort
000070b9   exit
000070f1   _Dtest
00007135   CPUcpsid
00007141   CPUprimask
0000714b   CPUcpsie
00007157   CPUwfi
0000715b   CPUbasepriSet
00007169   CPUbasepriGet
00007173   strncpy
000071a3   __aeabi_i2d
000071d1   memccpy
000071ed   _args_main
00007205   __aeabi_lmul
0000721d   strcmp
00007235   memchr
0000724b   strchr
00007261   _register_unlock
00007267   _register_lock
0000726f   _nop
00007275   strlen
00007289   __TI_zero_init
0000729b   _Dclass
000072ad   strcpy
000072bd   __TI_decompress_none
000072cb   ResetISR
000072d7   SysCtlDelay
000072dd   __TI_decompress_rle24
00007404   _ctypes_
00007aa8   __TI_Handler_Table_Base
00007ab4   __TI_Handler_Table_Limit
00007ac8   __TI_CINIT_Base
00007ae0   __TI_CINIT_Limit
20000000   __STACK_END
20000000   __stack
20000000   g_pfnRAMVectors
20000200   __STACK_TOP
20000270   _sys_memory
20000470   _ftable
20000630   __TI_ft_end
20000634   __aeabi_stdin
20000638   __aeabi_stdout
2000063c   __aeabi_stderr
2000064c   _lock
20000650   _unlock
20000654   __TI_cleanup_ptr
20000658   __TI_dtors_ptr
20000660   main_func_sp
20000664   __CIOBUF_
20000784   __TI_tmpnams
ffffffff   __binit__
ffffffff   __c_args__
ffffffff   binit
UNDEFED    SHT$$INIT_ARRAY$$Base
UNDEFED    SHT$$INIT_ARRAY$$Limit

[336 symbols]
