<?xml version="1.0"?>
<link_info>
   <banner>TI ARM Linker PC v5.1.6</banner>
   <copyright>Copyright (c) 1996-2014 Texas Instruments Incorporated</copyright>
   <link_time>0x54e37fcc</link_time>
   <link_errors>0x0</link_errors>
   <output_file>RFID Project.out</output_file>
   <entry_point>
      <name>_c_int00</name>
      <address>0x6fd9</address>
   </entry_point>
   <input_file_list>
      <input_file id="fl-2">
         <path>.\</path>
         <kind>object</kind>
         <file>tm4c123gh6pm_startup_ccs.obj</file>
         <name>tm4c123gh6pm_startup_ccs.obj</name>
      </input_file>
      <input_file id="fl-3">
         <path>.\code\tivaware\src\</path>
         <kind>object</kind>
         <file>cpu.obj</file>
         <name>cpu.obj</name>
      </input_file>
      <input_file id="fl-4">
         <path>.\code\tivaware\src\</path>
         <kind>object</kind>
         <file>gpio.obj</file>
         <name>gpio.obj</name>
      </input_file>
      <input_file id="fl-5">
         <path>.\code\tivaware\src\</path>
         <kind>object</kind>
         <file>interrupt.obj</file>
         <name>interrupt.obj</name>
      </input_file>
      <input_file id="fl-6">
         <path>.\code\tivaware\src\</path>
         <kind>object</kind>
         <file>sysctl.obj</file>
         <name>sysctl.obj</name>
      </input_file>
      <input_file id="fl-7">
         <path>.\code\tivaware\src\</path>
         <kind>object</kind>
         <file>uart.obj</file>
         <name>uart.obj</name>
      </input_file>
      <input_file id="fl-8">
         <path>.\code\templates\src\</path>
         <kind>object</kind>
         <file>C_SOURCE_TEMPLATE.obj</file>
         <name>C_SOURCE_TEMPLATE.obj</name>
      </input_file>
      <input_file id="fl-9">
         <path>.\code\</path>
         <kind>object</kind>
         <file>main.obj</file>
         <name>main.obj</name>
      </input_file>
      <input_file id="fl-a">
         <path>.\code\author\src\</path>
         <kind>object</kind>
         <file>ektm4c123gxl.obj</file>
         <name>ektm4c123gxl.obj</name>
      </input_file>
      <input_file id="fl-b">
         <path>.\code\author\src\</path>
         <kind>object</kind>
         <file>functions_gpio.obj</file>
         <name>functions_gpio.obj</name>
      </input_file>
      <input_file id="fl-c">
         <path>.\code\author\src\</path>
         <kind>object</kind>
         <file>functions_uart.obj</file>
         <name>functions_uart.obj</name>
      </input_file>
      <input_file id="fl-139">
         <path>c:\ti\ccsv6\tools\compiler\arm_5.1.6\lib\</path>
         <kind>archive</kind>
         <file>rtsv7M4_T_le_v4SPD16_eabi.lib</file>
         <name>boot.obj</name>
      </input_file>
      <input_file id="fl-13a">
         <path>c:\ti\ccsv6\tools\compiler\arm_5.1.6\lib\</path>
         <kind>archive</kind>
         <file>rtsv7M4_T_le_v4SPD16_eabi.lib</file>
         <name>copy_decompress_none.obj</name>
      </input_file>
      <input_file id="fl-13b">
         <path>c:\ti\ccsv6\tools\compiler\arm_5.1.6\lib\</path>
         <kind>archive</kind>
         <file>rtsv7M4_T_le_v4SPD16_eabi.lib</file>
         <name>copy_decompress_rle.obj</name>
      </input_file>
      <input_file id="fl-13c">
         <path>c:\ti\ccsv6\tools\compiler\arm_5.1.6\lib\</path>
         <kind>archive</kind>
         <file>rtsv7M4_T_le_v4SPD16_eabi.lib</file>
         <name>copy_zero_init.obj</name>
      </input_file>
      <input_file id="fl-13d">
         <path>c:\ti\ccsv6\tools\compiler\arm_5.1.6\lib\</path>
         <kind>archive</kind>
         <file>rtsv7M4_T_le_v4SPD16_eabi.lib</file>
         <name>exit.obj</name>
      </input_file>
      <input_file id="fl-13e">
         <path>c:\ti\ccsv6\tools\compiler\arm_5.1.6\lib\</path>
         <kind>archive</kind>
         <file>rtsv7M4_T_le_v4SPD16_eabi.lib</file>
         <name>memcpy_t2.obj</name>
      </input_file>
      <input_file id="fl-13f">
         <path>c:\ti\ccsv6\tools\compiler\arm_5.1.6\lib\</path>
         <kind>archive</kind>
         <file>rtsv7M4_T_le_v4SPD16_eabi.lib</file>
         <name>printf.obj</name>
      </input_file>
      <input_file id="fl-140">
         <path>c:\ti\ccsv6\tools\compiler\arm_5.1.6\lib\</path>
         <kind>archive</kind>
         <file>rtsv7M4_T_le_v4SPD16_eabi.lib</file>
         <name>stkdepth_vars.obj</name>
      </input_file>
      <input_file id="fl-141">
         <path>c:\ti\ccsv6\tools\compiler\arm_5.1.6\lib\</path>
         <kind>archive</kind>
         <file>rtsv7M4_T_le_v4SPD16_eabi.lib</file>
         <name>_lock.obj</name>
      </input_file>
      <input_file id="fl-142">
         <path>c:\ti\ccsv6\tools\compiler\arm_5.1.6\lib\</path>
         <kind>archive</kind>
         <file>rtsv7M4_T_le_v4SPD16_eabi.lib</file>
         <name>_printfi.obj</name>
      </input_file>
      <input_file id="fl-143">
         <path>c:\ti\ccsv6\tools\compiler\arm_5.1.6\lib\</path>
         <kind>archive</kind>
         <file>rtsv7M4_T_le_v4SPD16_eabi.lib</file>
         <name>args_main.obj</name>
      </input_file>
      <input_file id="fl-144">
         <path>c:\ti\ccsv6\tools\compiler\arm_5.1.6\lib\</path>
         <kind>archive</kind>
         <file>rtsv7M4_T_le_v4SPD16_eabi.lib</file>
         <name>atoi.obj</name>
      </input_file>
      <input_file id="fl-145">
         <path>c:\ti\ccsv6\tools\compiler\arm_5.1.6\lib\</path>
         <kind>archive</kind>
         <file>rtsv7M4_T_le_v4SPD16_eabi.lib</file>
         <name>auto_init.obj</name>
      </input_file>
      <input_file id="fl-146">
         <path>c:\ti\ccsv6\tools\compiler\arm_5.1.6\lib\</path>
         <kind>archive</kind>
         <file>rtsv7M4_T_le_v4SPD16_eabi.lib</file>
         <name>cpy_tbl.obj</name>
      </input_file>
      <input_file id="fl-147">
         <path>c:\ti\ccsv6\tools\compiler\arm_5.1.6\lib\</path>
         <kind>archive</kind>
         <file>rtsv7M4_T_le_v4SPD16_eabi.lib</file>
         <name>ctype.obj</name>
      </input_file>
      <input_file id="fl-148">
         <path>c:\ti\ccsv6\tools\compiler\arm_5.1.6\lib\</path>
         <kind>archive</kind>
         <file>rtsv7M4_T_le_v4SPD16_eabi.lib</file>
         <name>defs.obj</name>
      </input_file>
      <input_file id="fl-149">
         <path>c:\ti\ccsv6\tools\compiler\arm_5.1.6\lib\</path>
         <kind>archive</kind>
         <file>rtsv7M4_T_le_v4SPD16_eabi.lib</file>
         <name>fd_add_t2.obj</name>
      </input_file>
      <input_file id="fl-14a">
         <path>c:\ti\ccsv6\tools\compiler\arm_5.1.6\lib\</path>
         <kind>archive</kind>
         <file>rtsv7M4_T_le_v4SPD16_eabi.lib</file>
         <name>fd_cmp_t2.obj</name>
      </input_file>
      <input_file id="fl-14b">
         <path>c:\ti\ccsv6\tools\compiler\arm_5.1.6\lib\</path>
         <kind>archive</kind>
         <file>rtsv7M4_T_le_v4SPD16_eabi.lib</file>
         <name>fd_div_t2.obj</name>
      </input_file>
      <input_file id="fl-14c">
         <path>c:\ti\ccsv6\tools\compiler\arm_5.1.6\lib\</path>
         <kind>archive</kind>
         <file>rtsv7M4_T_le_v4SPD16_eabi.lib</file>
         <name>fd_mul_t2.obj</name>
      </input_file>
      <input_file id="fl-14d">
         <path>c:\ti\ccsv6\tools\compiler\arm_5.1.6\lib\</path>
         <kind>archive</kind>
         <file>rtsv7M4_T_le_v4SPD16_eabi.lib</file>
         <name>fd_toi_t2.obj</name>
      </input_file>
      <input_file id="fl-14e">
         <path>c:\ti\ccsv6\tools\compiler\arm_5.1.6\lib\</path>
         <kind>archive</kind>
         <file>rtsv7M4_T_le_v4SPD16_eabi.lib</file>
         <name>fputc.obj</name>
      </input_file>
      <input_file id="fl-14f">
         <path>c:\ti\ccsv6\tools\compiler\arm_5.1.6\lib\</path>
         <kind>archive</kind>
         <file>rtsv7M4_T_le_v4SPD16_eabi.lib</file>
         <name>fputs.obj</name>
      </input_file>
      <input_file id="fl-150">
         <path>c:\ti\ccsv6\tools\compiler\arm_5.1.6\lib\</path>
         <kind>archive</kind>
         <file>rtsv7M4_T_le_v4SPD16_eabi.lib</file>
         <name>i_tofd_t2.obj</name>
      </input_file>
      <input_file id="fl-151">
         <path>c:\ti\ccsv6\tools\compiler\arm_5.1.6\lib\</path>
         <kind>archive</kind>
         <file>rtsv7M4_T_le_v4SPD16_eabi.lib</file>
         <name>ll_mul_t2.obj</name>
      </input_file>
      <input_file id="fl-152">
         <path>c:\ti\ccsv6\tools\compiler\arm_5.1.6\lib\</path>
         <kind>archive</kind>
         <file>rtsv7M4_T_le_v4SPD16_eabi.lib</file>
         <name>lowlev.obj</name>
      </input_file>
      <input_file id="fl-153">
         <path>c:\ti\ccsv6\tools\compiler\arm_5.1.6\lib\</path>
         <kind>archive</kind>
         <file>rtsv7M4_T_le_v4SPD16_eabi.lib</file>
         <name>ltoa.obj</name>
      </input_file>
      <input_file id="fl-154">
         <path>c:\ti\ccsv6\tools\compiler\arm_5.1.6\lib\</path>
         <kind>archive</kind>
         <file>rtsv7M4_T_le_v4SPD16_eabi.lib</file>
         <name>memccpy.obj</name>
      </input_file>
      <input_file id="fl-155">
         <path>c:\ti\ccsv6\tools\compiler\arm_5.1.6\lib\</path>
         <kind>archive</kind>
         <file>rtsv7M4_T_le_v4SPD16_eabi.lib</file>
         <name>memchr.obj</name>
      </input_file>
      <input_file id="fl-156">
         <path>c:\ti\ccsv6\tools\compiler\arm_5.1.6\lib\</path>
         <kind>archive</kind>
         <file>rtsv7M4_T_le_v4SPD16_eabi.lib</file>
         <name>memset_t2.obj</name>
      </input_file>
      <input_file id="fl-157">
         <path>c:\ti\ccsv6\tools\compiler\arm_5.1.6\lib\</path>
         <kind>archive</kind>
         <file>rtsv7M4_T_le_v4SPD16_eabi.lib</file>
         <name>strchr.obj</name>
      </input_file>
      <input_file id="fl-158">
         <path>c:\ti\ccsv6\tools\compiler\arm_5.1.6\lib\</path>
         <kind>archive</kind>
         <file>rtsv7M4_T_le_v4SPD16_eabi.lib</file>
         <name>strcmp.obj</name>
      </input_file>
      <input_file id="fl-159">
         <path>c:\ti\ccsv6\tools\compiler\arm_5.1.6\lib\</path>
         <kind>archive</kind>
         <file>rtsv7M4_T_le_v4SPD16_eabi.lib</file>
         <name>strlen.obj</name>
      </input_file>
      <input_file id="fl-15a">
         <path>c:\ti\ccsv6\tools\compiler\arm_5.1.6\lib\</path>
         <kind>archive</kind>
         <file>rtsv7M4_T_le_v4SPD16_eabi.lib</file>
         <name>strncpy.obj</name>
      </input_file>
      <input_file id="fl-15b">
         <path>c:\ti\ccsv6\tools\compiler\arm_5.1.6\lib\</path>
         <kind>archive</kind>
         <file>rtsv7M4_T_le_v4SPD16_eabi.lib</file>
         <name>trgdrv.obj</name>
      </input_file>
      <input_file id="fl-15c">
         <path>c:\ti\ccsv6\tools\compiler\arm_5.1.6\lib\</path>
         <kind>archive</kind>
         <file>rtsv7M4_T_le_v4SPD16_eabi.lib</file>
         <name>trgmsg.obj</name>
      </input_file>
      <input_file id="fl-15d">
         <path>c:\ti\ccsv6\tools\compiler\arm_5.1.6\lib\</path>
         <kind>archive</kind>
         <file>rtsv7M4_T_le_v4SPD16_eabi.lib</file>
         <name>ull_div_t2.obj</name>
      </input_file>
      <input_file id="fl-15e">
         <path>c:\ti\ccsv6\tools\compiler\arm_5.1.6\lib\</path>
         <kind>archive</kind>
         <file>rtsv7M4_T_le_v4SPD16_eabi.lib</file>
         <name>xdclass.obj</name>
      </input_file>
      <input_file id="fl-15f">
         <path>c:\ti\ccsv6\tools\compiler\arm_5.1.6\lib\</path>
         <kind>archive</kind>
         <file>rtsv7M4_T_le_v4SPD16_eabi.lib</file>
         <name>xdtest.obj</name>
      </input_file>
      <input_file id="fl-160">
         <path>c:\ti\ccsv6\tools\compiler\arm_5.1.6\lib\</path>
         <kind>archive</kind>
         <file>rtsv7M4_T_le_v4SPD16_eabi.lib</file>
         <name>_io_perm.obj</name>
      </input_file>
      <input_file id="fl-161">
         <path>c:\ti\ccsv6\tools\compiler\arm_5.1.6\lib\</path>
         <kind>archive</kind>
         <file>rtsv7M4_T_le_v4SPD16_eabi.lib</file>
         <name>fflush.obj</name>
      </input_file>
      <input_file id="fl-162">
         <path>c:\ti\ccsv6\tools\compiler\arm_5.1.6\lib\</path>
         <kind>archive</kind>
         <file>rtsv7M4_T_le_v4SPD16_eabi.lib</file>
         <name>fseek.obj</name>
      </input_file>
      <input_file id="fl-163">
         <path>c:\ti\ccsv6\tools\compiler\arm_5.1.6\lib\</path>
         <kind>archive</kind>
         <file>rtsv7M4_T_le_v4SPD16_eabi.lib</file>
         <name>setvbuf.obj</name>
      </input_file>
      <input_file id="fl-164">
         <path>c:\ti\ccsv6\tools\compiler\arm_5.1.6\lib\</path>
         <kind>archive</kind>
         <file>rtsv7M4_T_le_v4SPD16_eabi.lib</file>
         <name>strcpy.obj</name>
      </input_file>
      <input_file id="fl-165">
         <path>c:\ti\ccsv6\tools\compiler\arm_5.1.6\lib\</path>
         <kind>archive</kind>
         <file>rtsv7M4_T_le_v4SPD16_eabi.lib</file>
         <name>fopen.obj</name>
      </input_file>
      <input_file id="fl-166">
         <path>c:\ti\ccsv6\tools\compiler\arm_5.1.6\lib\</path>
         <kind>archive</kind>
         <file>rtsv7M4_T_le_v4SPD16_eabi.lib</file>
         <name>memory.obj</name>
      </input_file>
      <input_file id="fl-167">
         <path>c:\ti\ccsv6\tools\compiler\arm_5.1.6\lib\</path>
         <kind>archive</kind>
         <file>rtsv7M4_T_le_v4SPD16_eabi.lib</file>
         <name>fclose.obj</name>
      </input_file>
      <input_file id="fl-168">
         <path>c:\ti\ccsv6\tools\compiler\arm_5.1.6\lib\</path>
         <kind>archive</kind>
         <file>rtsv7M4_T_le_v4SPD16_eabi.lib</file>
         <name>remove.obj</name>
      </input_file>
   </input_file_list>
   <object_component_list>
      <object_component id="oc-e">
         <name>.intvecs</name>
         <load_address>0x0</load_address>
         <run_address>0x0</run_address>
         <size>0x26c</size>
         <input_file_ref idref="fl-2"/>
      </object_component>
      <object_component id="oc-fb">
         <name>.text</name>
         <load_address>0x26c</load_address>
         <run_address>0x26c</run_address>
         <size>0x12a8</size>
         <input_file_ref idref="fl-b"/>
      </object_component>
      <object_component id="oc-1a2">
         <name>.text</name>
         <load_address>0x1514</load_address>
         <run_address>0x1514</run_address>
         <size>0xf00</size>
         <input_file_ref idref="fl-6"/>
      </object_component>
      <object_component id="oc-eb">
         <name>.text</name>
         <load_address>0x2414</load_address>
         <run_address>0x2414</run_address>
         <size>0xec0</size>
         <input_file_ref idref="fl-142"/>
      </object_component>
      <object_component id="oc-1a8">
         <name>.text</name>
         <load_address>0x32d4</load_address>
         <run_address>0x32d4</run_address>
         <size>0xbbc</size>
         <input_file_ref idref="fl-4"/>
      </object_component>
      <object_component id="oc-101">
         <name>.text</name>
         <load_address>0x3e90</load_address>
         <run_address>0x3e90</run_address>
         <size>0x8a4</size>
         <input_file_ref idref="fl-c"/>
      </object_component>
      <object_component id="oc-1b5">
         <name>.text</name>
         <load_address>0x4734</load_address>
         <run_address>0x4734</run_address>
         <size>0x622</size>
         <input_file_ref idref="fl-7"/>
      </object_component>
      <object_component id="oc-26e">
         <name>.text</name>
         <load_address>0x4d58</load_address>
         <run_address>0x4d58</run_address>
         <size>0x3cc</size>
         <input_file_ref idref="fl-166"/>
      </object_component>
      <object_component id="oc-1be">
         <name>.text</name>
         <load_address>0x5124</load_address>
         <run_address>0x5124</run_address>
         <size>0x3c0</size>
         <input_file_ref idref="fl-5"/>
      </object_component>
      <object_component id="oc-bb">
         <name>.text</name>
         <load_address>0x54e4</load_address>
         <run_address>0x54e4</run_address>
         <size>0x338</size>
         <input_file_ref idref="fl-a"/>
      </object_component>
      <object_component id="oc-12b">
         <name>.text</name>
         <load_address>0x581c</load_address>
         <run_address>0x581c</run_address>
         <size>0x310</size>
         <input_file_ref idref="fl-152"/>
      </object_component>
      <object_component id="oc-28d">
         <name>.text</name>
         <load_address>0x5b2c</load_address>
         <run_address>0x5b2c</run_address>
         <size>0x2d4</size>
         <input_file_ref idref="fl-15b"/>
      </object_component>
      <object_component id="oc-141">
         <name>.text</name>
         <load_address>0x5e00</load_address>
         <run_address>0x5e00</run_address>
         <size>0x1f4</size>
         <input_file_ref idref="fl-15d"/>
      </object_component>
      <object_component id="oc-274">
         <name>.text</name>
         <load_address>0x5ff4</load_address>
         <run_address>0x5ff4</run_address>
         <size>0x1c0</size>
         <input_file_ref idref="fl-165"/>
      </object_component>
      <object_component id="oc-16f">
         <name>.text</name>
         <load_address>0x61b4</load_address>
         <run_address>0x61b4</run_address>
         <size>0x1b6</size>
         <input_file_ref idref="fl-149"/>
      </object_component>
      <object_component id="oc-155">
         <name>.text</name>
         <load_address>0x636a</load_address>
         <run_address>0x636a</run_address>
         <size>0x136</size>
         <input_file_ref idref="fl-14b"/>
      </object_component>
      <object_component id="oc-e5">
         <name>.text</name>
         <load_address>0x64a0</load_address>
         <run_address>0x64a0</run_address>
         <size>0x134</size>
         <input_file_ref idref="fl-14f"/>
      </object_component>
      <object_component id="oc-150">
         <name>.text</name>
         <load_address>0x65d4</load_address>
         <run_address>0x65d4</run_address>
         <size>0xfc</size>
         <input_file_ref idref="fl-14c"/>
      </object_component>
      <object_component id="oc-1d2">
         <name>.text</name>
         <load_address>0x66d0</load_address>
         <run_address>0x66d0</run_address>
         <size>0xdc</size>
         <input_file_ref idref="fl-163"/>
      </object_component>
      <object_component id="oc-125">
         <name>.text</name>
         <load_address>0x67ac</load_address>
         <run_address>0x67ac</run_address>
         <size>0xc0</size>
         <input_file_ref idref="fl-161"/>
      </object_component>
      <object_component id="oc-11f">
         <name>.text</name>
         <load_address>0x686c</load_address>
         <run_address>0x686c</run_address>
         <size>0xac</size>
         <input_file_ref idref="fl-160"/>
      </object_component>
      <object_component id="oc-82">
         <name>.text</name>
         <load_address>0x6918</load_address>
         <run_address>0x6918</run_address>
         <size>0xa0</size>
         <input_file_ref idref="fl-9"/>
      </object_component>
      <object_component id="oc-df">
         <name>.text</name>
         <load_address>0x69b8</load_address>
         <run_address>0x69b8</run_address>
         <size>0x9c</size>
         <input_file_ref idref="fl-14e"/>
      </object_component>
      <object_component id="oc-4a">
         <name>.text</name>
         <load_address>0x6a54</load_address>
         <run_address>0x6a54</run_address>
         <size>0x9c</size>
         <input_file_ref idref="fl-13e"/>
      </object_component>
      <object_component id="oc-2d9">
         <name>.text</name>
         <load_address>0x6af0</load_address>
         <run_address>0x6af0</run_address>
         <size>0x98</size>
         <input_file_ref idref="fl-167"/>
      </object_component>
      <object_component id="oc-35">
         <name>.text</name>
         <load_address>0x6b88</load_address>
         <run_address>0x6b88</run_address>
         <size>0x94</size>
         <input_file_ref idref="fl-145"/>
      </object_component>
      <object_component id="oc-14b">
         <name>.text:__aeabi_cdcmple</name>
         <load_address>0x6c1c</load_address>
         <run_address>0x6c1c</run_address>
         <size>0x86</size>
         <input_file_ref idref="fl-14a"/>
      </object_component>
      <object_component id="oc-15a">
         <name>.text:__aeabi_cdrcmple</name>
         <load_address>0x6ca2</load_address>
         <run_address>0x6ca2</run_address>
         <size>0x86</size>
         <input_file_ref idref="fl-14a"/>
      </object_component>
      <object_component id="oc-174">
         <name>.text</name>
         <load_address>0x6d28</load_address>
         <run_address>0x6d28</run_address>
         <size>0x78</size>
         <input_file_ref idref="fl-156"/>
      </object_component>
      <object_component id="oc-b5">
         <name>.text</name>
         <load_address>0x6da0</load_address>
         <run_address>0x6da0</run_address>
         <size>0x70</size>
         <input_file_ref idref="fl-13f"/>
      </object_component>
      <object_component id="oc-1cc">
         <name>.text</name>
         <load_address>0x6e10</load_address>
         <run_address>0x6e10</run_address>
         <size>0x64</size>
         <input_file_ref idref="fl-162"/>
      </object_component>
      <object_component id="oc-2ea">
         <name>.text</name>
         <load_address>0x6e74</load_address>
         <run_address>0x6e74</run_address>
         <size>0x60</size>
         <input_file_ref idref="fl-15c"/>
      </object_component>
      <object_component id="oc-5d">
         <name>.text</name>
         <load_address>0x6ed4</load_address>
         <run_address>0x6ed4</run_address>
         <size>0x5e</size>
         <input_file_ref idref="fl-13b"/>
      </object_component>
      <object_component id="oc-164">
         <name>.text</name>
         <load_address>0x6f32</load_address>
         <run_address>0x6f32</run_address>
         <size>0x5a</size>
         <input_file_ref idref="fl-153"/>
      </object_component>
      <object_component id="oc-185">
         <name>.text</name>
         <load_address>0x6f8c</load_address>
         <run_address>0x6f8c</run_address>
         <size>0x4c</size>
         <input_file_ref idref="fl-144"/>
      </object_component>
      <object_component id="oc-11">
         <name>.text</name>
         <load_address>0x6fd8</load_address>
         <run_address>0x6fd8</run_address>
         <size>0x48</size>
         <input_file_ref idref="fl-139"/>
      </object_component>
      <object_component id="oc-15f">
         <name>.text</name>
         <load_address>0x7020</load_address>
         <run_address>0x7020</run_address>
         <size>0x48</size>
         <input_file_ref idref="fl-14d"/>
      </object_component>
      <object_component id="oc-7b">
         <name>.text</name>
         <load_address>0x7068</load_address>
         <run_address>0x7068</run_address>
         <size>0x44</size>
         <input_file_ref idref="fl-146"/>
      </object_component>
      <object_component id="oc-40">
         <name>.text</name>
         <load_address>0x70ac</load_address>
         <run_address>0x70ac</run_address>
         <size>0x44</size>
         <input_file_ref idref="fl-13d"/>
      </object_component>
      <object_component id="oc-210">
         <name>.text</name>
         <load_address>0x70f0</load_address>
         <run_address>0x70f0</run_address>
         <size>0x44</size>
         <input_file_ref idref="fl-15f"/>
      </object_component>
      <object_component id="oc-231">
         <name>.text</name>
         <load_address>0x7134</load_address>
         <run_address>0x7134</run_address>
         <size>0x3e</size>
         <input_file_ref idref="fl-3"/>
      </object_component>
      <object_component id="oc-1eb">
         <name>.text</name>
         <load_address>0x7172</load_address>
         <run_address>0x7172</run_address>
         <size>0x30</size>
         <input_file_ref idref="fl-15a"/>
      </object_component>
      <object_component id="oc-16a">
         <name>.text</name>
         <load_address>0x71a2</load_address>
         <run_address>0x71a2</run_address>
         <size>0x2e</size>
         <input_file_ref idref="fl-150"/>
      </object_component>
      <object_component id="oc-17f">
         <name>.text</name>
         <load_address>0x71d0</load_address>
         <run_address>0x71d0</run_address>
         <size>0x1c</size>
         <input_file_ref idref="fl-154"/>
      </object_component>
      <object_component id="oc-3a">
         <name>.text</name>
         <load_address>0x71ec</load_address>
         <run_address>0x71ec</run_address>
         <size>0x18</size>
         <input_file_ref idref="fl-143"/>
      </object_component>
      <object_component id="oc-146">
         <name>.text</name>
         <load_address>0x7204</load_address>
         <run_address>0x7204</run_address>
         <size>0x18</size>
         <input_file_ref idref="fl-151"/>
      </object_component>
      <object_component id="oc-1df">
         <name>.text</name>
         <load_address>0x721c</load_address>
         <run_address>0x721c</run_address>
         <size>0x18</size>
         <input_file_ref idref="fl-158"/>
      </object_component>
      <object_component id="oc-139">
         <name>.text</name>
         <load_address>0x7234</load_address>
         <run_address>0x7234</run_address>
         <size>0x16</size>
         <input_file_ref idref="fl-155"/>
      </object_component>
      <object_component id="oc-1e5">
         <name>.text</name>
         <load_address>0x724a</load_address>
         <run_address>0x724a</run_address>
         <size>0x16</size>
         <input_file_ref idref="fl-157"/>
      </object_component>
      <object_component id="oc-ca">
         <name>.text</name>
         <load_address>0x7260</load_address>
         <run_address>0x7260</run_address>
         <size>0x14</size>
         <input_file_ref idref="fl-141"/>
      </object_component>
      <object_component id="oc-133">
         <name>.text</name>
         <load_address>0x7274</load_address>
         <run_address>0x7274</run_address>
         <size>0x14</size>
         <input_file_ref idref="fl-159"/>
      </object_component>
      <object_component id="oc-1c">
         <name>.text:decompress:ZI</name>
         <load_address>0x7288</load_address>
         <run_address>0x7288</run_address>
         <size>0x12</size>
         <input_file_ref idref="fl-13c"/>
      </object_component>
      <object_component id="oc-179">
         <name>.text</name>
         <load_address>0x729a</load_address>
         <run_address>0x729a</run_address>
         <size>0x12</size>
         <input_file_ref idref="fl-15e"/>
      </object_component>
      <object_component id="oc-2f0">
         <name>.text</name>
         <load_address>0x72ac</load_address>
         <run_address>0x72ac</run_address>
         <size>0x10</size>
         <input_file_ref idref="fl-164"/>
      </object_component>
      <object_component id="oc-16">
         <name>.text:decompress:none</name>
         <load_address>0x72bc</load_address>
         <run_address>0x72bc</run_address>
         <size>0xe</size>
         <input_file_ref idref="fl-13a"/>
      </object_component>
      <object_component id="oc-2c">
         <name>.text</name>
         <load_address>0x72ca</load_address>
         <run_address>0x72ca</run_address>
         <size>0xc</size>
         <input_file_ref idref="fl-2"/>
      </object_component>
      <object_component id="oc-240">
         <name>.text:SysCtlDelay</name>
         <load_address>0x72d6</load_address>
         <run_address>0x72d6</run_address>
         <size>0x6</size>
         <input_file_ref idref="fl-6"/>
      </object_component>
      <object_component id="oc-22">
         <name>.text:decompress:rle24</name>
         <load_address>0x72dc</load_address>
         <run_address>0x72dc</run_address>
         <size>0x6</size>
         <input_file_ref idref="fl-13b"/>
      </object_component>
      <object_component id="oc-23a">
         <name>.const:g_pppui32XTALtoVCO</name>
         <load_address>0x72e4</load_address>
         <run_address>0x72e4</run_address>
         <size>0x120</size>
         <input_file_ref idref="fl-6"/>
      </object_component>
      <object_component id="oc-219">
         <name>.const:.string:_ctypes_</name>
         <load_address>0x7404</load_address>
         <run_address>0x7404</run_address>
         <size>0x102</size>
         <input_file_ref idref="fl-147"/>
      </object_component>
      <object_component id="oc-243">
         <name>.const:g_ppui32GPIOIntMapBlizzard</name>
         <load_address>0x7508</load_address>
         <run_address>0x7508</run_address>
         <size>0xc0</size>
         <input_file_ref idref="fl-4"/>
      </object_component>
      <object_component id="oc-249">
         <name>.const:g_ppui32GPIOIntMapSnowflake</name>
         <load_address>0x75c8</load_address>
         <run_address>0x75c8</run_address>
         <size>0xc0</size>
         <input_file_ref idref="fl-4"/>
      </object_component>
      <object_component id="oc-265">
         <name>.const:g_pui32Regs</name>
         <load_address>0x7688</load_address>
         <run_address>0x7688</run_address>
         <size>0x9c</size>
         <input_file_ref idref="fl-5"/>
      </object_component>
      <object_component id="oc-24c">
         <name>.const:g_pui32GPIOBaseAddrs</name>
         <load_address>0x7724</load_address>
         <run_address>0x7724</run_address>
         <size>0x90</size>
         <input_file_ref idref="fl-4"/>
      </object_component>
      <object_component id="oc-262">
         <name>.const</name>
         <load_address>0x77b4</load_address>
         <run_address>0x77b4</run_address>
         <size>0x70</size>
         <input_file_ref idref="fl-5"/>
      </object_component>
      <object_component id="oc-237">
         <name>.const:g_pui32Xtals</name>
         <load_address>0x7824</load_address>
         <run_address>0x7824</run_address>
         <size>0x6c</size>
         <input_file_ref idref="fl-6"/>
      </object_component>
      <object_component id="oc-107">
         <name>.const</name>
         <load_address>0x7890</load_address>
         <run_address>0x7890</run_address>
         <size>0x60</size>
         <input_file_ref idref="fl-a"/>
      </object_component>
      <object_component id="oc-1bb">
         <name>.const</name>
         <load_address>0x78f0</load_address>
         <run_address>0x78f0</run_address>
         <size>0x40</size>
         <input_file_ref idref="fl-c"/>
      </object_component>
      <object_component id="oc-252">
         <name>.const:g_ppui32UARTIntMap</name>
         <load_address>0x7930</load_address>
         <run_address>0x7930</run_address>
         <size>0x40</size>
         <input_file_ref idref="fl-7"/>
      </object_component>
      <object_component id="oc-258">
         <name>.const:g_ppui32UARTIntMapSnowflake</name>
         <load_address>0x7970</load_address>
         <run_address>0x7970</run_address>
         <size>0x40</size>
         <input_file_ref idref="fl-7"/>
      </object_component>
      <object_component id="oc-22e">
         <name>.const:g_sXTALtoMEMTIM</name>
         <load_address>0x79b0</load_address>
         <run_address>0x79b0</run_address>
         <size>0x38</size>
         <input_file_ref idref="fl-6"/>
      </object_component>
      <object_component id="oc-10a">
         <name>.const:$P$T3$6</name>
         <load_address>0x79e8</load_address>
         <run_address>0x79e8</run_address>
         <size>0x2c</size>
         <input_file_ref idref="fl-a"/>
      </object_component>
      <object_component id="oc-246">
         <name>.const</name>
         <load_address>0x7a14</load_address>
         <run_address>0x7a14</run_address>
         <size>0x8</size>
         <input_file_ref idref="fl-4"/>
      </object_component>
      <object_component id="oc-23d">
         <name>.const</name>
         <load_address>0x7a1c</load_address>
         <run_address>0x7a1c</run_address>
         <size>0x8</size>
         <input_file_ref idref="fl-6"/>
      </object_component>
      <object_component id="oc-255">
         <name>.const</name>
         <load_address>0x7a24</load_address>
         <run_address>0x7a24</run_address>
         <size>0x8</size>
         <input_file_ref idref="fl-7"/>
      </object_component>
      <object_component id="oc-33e">
         <name>.cinit..data.load</name>
         <load_address>0x7a30</load_address>
         <run_address>0x7a30</run_address>
         <size>0x78</size>
      </object_component>
      <object_component id="oc-33b">
         <name>__TI_handler_table</name>
         <load_address>0x7aa8</load_address>
         <run_address>0x7aa8</run_address>
         <size>0xc</size>
      </object_component>
      <object_component id="oc-33f">
         <name>.cinit..bss.load</name>
         <load_address>0x7ab8</load_address>
         <run_address>0x7ab8</run_address>
         <size>0x8</size>
      </object_component>
      <object_component id="oc-33d">
         <name>.cinit..vtable.load</name>
         <load_address>0x7ac0</load_address>
         <run_address>0x7ac0</run_address>
         <size>0x8</size>
      </object_component>
      <object_component id="oc-33c">
         <name>__TI_cinit_table</name>
         <load_address>0x7ac8</load_address>
         <run_address>0x7ac8</run_address>
         <size>0x18</size>
      </object_component>
      <object_component id="oc-25f">
         <name>.vtable</name>
         <uninitialized>true</uninitialized>
         <run_address>0x20000000</run_address>
         <size>0x26c</size>
         <input_file_ref idref="fl-5"/>
      </object_component>
      <object_component id="oc-46">
         <name>.data</name>
         <load_address>0x20000660</load_address>
         <run_address>0x20000660</run_address>
         <size>0x4</size>
         <input_file_ref idref="fl-140"/>
      </object_component>
      <object_component id="oc-8a">
         <name>.data</name>
         <load_address>0x2000064c</load_address>
         <run_address>0x2000064c</run_address>
         <size>0x8</size>
         <input_file_ref idref="fl-141"/>
      </object_component>
      <object_component id="oc-8d">
         <name>.data</name>
         <load_address>0x20000654</load_address>
         <run_address>0x20000654</run_address>
         <size>0x8</size>
         <input_file_ref idref="fl-13d"/>
      </object_component>
      <object_component id="oc-f1">
         <name>.data:_ftable</name>
         <load_address>0x20000470</load_address>
         <run_address>0x20000470</run_address>
         <size>0xf0</size>
         <input_file_ref idref="fl-148"/>
      </object_component>
      <object_component id="oc-1da">
         <name>.data</name>
         <load_address>0x20000630</load_address>
         <run_address>0x20000630</run_address>
         <size>0x10</size>
         <input_file_ref idref="fl-148"/>
      </object_component>
      <object_component id="oc-1f1">
         <name>.data</name>
         <load_address>0x20000560</load_address>
         <run_address>0x20000560</run_address>
         <size>0xd0</size>
         <input_file_ref idref="fl-152"/>
      </object_component>
      <object_component id="oc-2d5">
         <name>.data</name>
         <load_address>0x20000640</load_address>
         <run_address>0x20000640</run_address>
         <size>0xc</size>
         <input_file_ref idref="fl-166"/>
      </object_component>
      <object_component id="oc-2df">
         <name>.data</name>
         <load_address>0x2000065c</load_address>
         <run_address>0x2000065c</run_address>
         <size>0x4</size>
         <input_file_ref idref="fl-165"/>
      </object_component>
      <object_component id="oc-305">
         <name>.bss:__TI_tmpnams</name>
         <uninitialized>true</uninitialized>
         <run_address>0x20000784</run_address>
         <size>0xa0</size>
         <input_file_ref idref="fl-148"/>
      </object_component>
      <object_component id="oc-30c">
         <name>.bss:__CIOBUF_</name>
         <uninitialized>true</uninitialized>
         <run_address>0x20000664</run_address>
         <size>0x120</size>
         <input_file_ref idref="fl-15c"/>
      </object_component>
      <object_component id="oc-2f6">
         <name>.common:parmbuf</name>
         <uninitialized>true</uninitialized>
         <run_address>0x20000824</run_address>
         <size>0x8</size>
      </object_component>
      <object_component id="oc-29">
         <name>.sysmem</name>
         <uninitialized>true</uninitialized>
         <run_address>0x20000270</run_address>
         <size>0x8</size>
         <input_file_ref idref="fl-166"/>
      </object_component>
      <object_component id="oc-341">
         <name>.sysmem</name>
         <uninitialized>true</uninitialized>
         <run_address>0x20000270</run_address>
         <size>0x0</size>
      </object_component>
      <object_component id="oc-28">
         <name>.stack</name>
         <uninitialized>true</uninitialized>
         <run_address>0x20000000</run_address>
         <size>0x0</size>
         <input_file_ref idref="fl-139"/>
      </object_component>
      <object_component id="oc-340">
         <name>.stack</name>
         <uninitialized>true</uninitialized>
         <run_address>0x20000000</run_address>
         <size>0x0</size>
      </object_component>
      <object_component id="oc-f">
         <name>.debug_info</name>
         <load_address>0x0</load_address>
         <run_address>0x0</run_address>
         <size>0xf5</size>
         <input_file_ref idref="fl-2"/>
      </object_component>
      <object_component id="oc-12">
         <name>.debug_info</name>
         <load_address>0xf5</load_address>
         <run_address>0xf5</run_address>
         <size>0xf3</size>
         <input_file_ref idref="fl-139"/>
      </object_component>
      <object_component id="oc-18">
         <name>.debug_info</name>
         <load_address>0x1e8</load_address>
         <run_address>0x1e8</run_address>
         <size>0x194</size>
         <input_file_ref idref="fl-13a"/>
      </object_component>
      <object_component id="oc-20">
         <name>.debug_info</name>
         <load_address>0x37c</load_address>
         <run_address>0x37c</run_address>
         <size>0x16a</size>
         <input_file_ref idref="fl-13c"/>
      </object_component>
      <object_component id="oc-23">
         <name>.debug_info</name>
         <load_address>0x4e6</load_address>
         <run_address>0x4e6</run_address>
         <size>0x18e</size>
         <input_file_ref idref="fl-13b"/>
      </object_component>
      <object_component id="oc-2a">
         <name>.debug_info</name>
         <load_address>0x674</load_address>
         <run_address>0x674</run_address>
         <size>0xb6</size>
         <input_file_ref idref="fl-166"/>
      </object_component>
      <object_component id="oc-2d">
         <name>.debug_info</name>
         <load_address>0x72a</load_address>
         <run_address>0x72a</run_address>
         <size>0x271</size>
         <input_file_ref idref="fl-2"/>
      </object_component>
      <object_component id="oc-34">
         <name>.debug_info</name>
         <load_address>0x99b</load_address>
         <run_address>0x99b</run_address>
         <size>0x110</size>
         <input_file_ref idref="fl-2"/>
      </object_component>
      <object_component id="oc-37">
         <name>.debug_info</name>
         <load_address>0xaab</load_address>
         <run_address>0xaab</run_address>
         <size>0x13d</size>
         <input_file_ref idref="fl-145"/>
      </object_component>
      <object_component id="oc-3b">
         <name>.debug_info</name>
         <load_address>0xbe8</load_address>
         <run_address>0xbe8</run_address>
         <size>0x11c</size>
         <input_file_ref idref="fl-143"/>
      </object_component>
      <object_component id="oc-42">
         <name>.debug_info</name>
         <load_address>0xd04</load_address>
         <run_address>0xd04</run_address>
         <size>0x1c2</size>
         <input_file_ref idref="fl-13d"/>
      </object_component>
      <object_component id="oc-47">
         <name>.debug_info</name>
         <load_address>0xec6</load_address>
         <run_address>0xec6</run_address>
         <size>0xbe</size>
         <input_file_ref idref="fl-140"/>
      </object_component>
      <object_component id="oc-4b">
         <name>.debug_info</name>
         <load_address>0xf84</load_address>
         <run_address>0xf84</run_address>
         <size>0xcc</size>
         <input_file_ref idref="fl-13e"/>
      </object_component>
      <object_component id="oc-50">
         <name>.debug_info</name>
         <load_address>0x1050</load_address>
         <run_address>0x1050</run_address>
         <size>0x46</size>
         <input_file_ref idref="fl-13a"/>
      </object_component>
      <object_component id="oc-55">
         <name>.debug_info</name>
         <load_address>0x1096</load_address>
         <run_address>0x1096</run_address>
         <size>0xf2</size>
         <input_file_ref idref="fl-13a"/>
      </object_component>
      <object_component id="oc-57">
         <name>.debug_info</name>
         <load_address>0x1188</load_address>
         <run_address>0x1188</run_address>
         <size>0x46</size>
         <input_file_ref idref="fl-13c"/>
      </object_component>
      <object_component id="oc-5c">
         <name>.debug_info</name>
         <load_address>0x11ce</load_address>
         <run_address>0x11ce</run_address>
         <size>0xad</size>
         <input_file_ref idref="fl-13c"/>
      </object_component>
      <object_component id="oc-5f">
         <name>.debug_info</name>
         <load_address>0x127b</load_address>
         <run_address>0x127b</run_address>
         <size>0x1ef</size>
         <input_file_ref idref="fl-13b"/>
      </object_component>
      <object_component id="oc-64">
         <name>.debug_info</name>
         <load_address>0x146a</load_address>
         <run_address>0x146a</run_address>
         <size>0xb7</size>
         <input_file_ref idref="fl-13b"/>
      </object_component>
      <object_component id="oc-65">
         <name>.debug_info</name>
         <load_address>0x1521</load_address>
         <run_address>0x1521</run_address>
         <size>0x39</size>
         <input_file_ref idref="fl-13b"/>
      </object_component>
      <object_component id="oc-6c">
         <name>.debug_info</name>
         <load_address>0x155a</load_address>
         <run_address>0x155a</run_address>
         <size>0x1d7</size>
         <input_file_ref idref="fl-166"/>
      </object_component>
      <object_component id="oc-71">
         <name>.debug_info</name>
         <load_address>0x1731</load_address>
         <run_address>0x1731</run_address>
         <size>0x84</size>
         <input_file_ref idref="fl-2"/>
      </object_component>
      <object_component id="oc-76">
         <name>.debug_info</name>
         <load_address>0x17b5</load_address>
         <run_address>0x17b5</run_address>
         <size>0x18b</size>
         <input_file_ref idref="fl-2"/>
      </object_component>
      <object_component id="oc-7d">
         <name>.debug_info</name>
         <load_address>0x1940</load_address>
         <run_address>0x1940</run_address>
         <size>0x14b</size>
         <input_file_ref idref="fl-146"/>
      </object_component>
      <object_component id="oc-86">
         <name>.debug_info</name>
         <load_address>0x1a8b</load_address>
         <run_address>0x1a8b</run_address>
         <size>0x2b1</size>
         <input_file_ref idref="fl-9"/>
      </object_component>
      <object_component id="oc-89">
         <name>.debug_info</name>
         <load_address>0x1d3c</load_address>
         <run_address>0x1d3c</run_address>
         <size>0x11b</size>
         <input_file_ref idref="fl-143"/>
      </object_component>
      <object_component id="oc-8b">
         <name>.debug_info</name>
         <load_address>0x1e57</load_address>
         <run_address>0x1e57</run_address>
         <size>0xc8</size>
         <input_file_ref idref="fl-141"/>
      </object_component>
      <object_component id="oc-8e">
         <name>.debug_info</name>
         <load_address>0x1f1f</load_address>
         <run_address>0x1f1f</run_address>
         <size>0xeb</size>
         <input_file_ref idref="fl-13d"/>
      </object_component>
      <object_component id="oc-91">
         <name>.debug_info</name>
         <load_address>0x200a</load_address>
         <run_address>0x200a</run_address>
         <size>0x146</size>
         <input_file_ref idref="fl-13d"/>
      </object_component>
      <object_component id="oc-96">
         <name>.debug_info</name>
         <load_address>0x2150</load_address>
         <run_address>0x2150</run_address>
         <size>0x2c</size>
         <input_file_ref idref="fl-13a"/>
      </object_component>
      <object_component id="oc-9d">
         <name>.debug_info</name>
         <load_address>0x217c</load_address>
         <run_address>0x217c</run_address>
         <size>0x2c</size>
         <input_file_ref idref="fl-13c"/>
      </object_component>
      <object_component id="oc-a9">
         <name>.debug_info</name>
         <load_address>0x21a8</load_address>
         <run_address>0x21a8</run_address>
         <size>0x2c</size>
         <input_file_ref idref="fl-165"/>
      </object_component>
      <object_component id="oc-ae">
         <name>.debug_info</name>
         <load_address>0x21d4</load_address>
         <run_address>0x21d4</run_address>
         <size>0x62</size>
         <input_file_ref idref="fl-166"/>
      </object_component>
      <object_component id="oc-b4">
         <name>.debug_info</name>
         <load_address>0x2236</load_address>
         <run_address>0x2236</run_address>
         <size>0x148</size>
         <input_file_ref idref="fl-146"/>
      </object_component>
      <object_component id="oc-b8">
         <name>.debug_info</name>
         <load_address>0x237e</load_address>
         <run_address>0x237e</run_address>
         <size>0x26d</size>
         <input_file_ref idref="fl-13f"/>
      </object_component>
      <object_component id="oc-bd">
         <name>.debug_info</name>
         <load_address>0x25eb</load_address>
         <run_address>0x25eb</run_address>
         <size>0x916</size>
         <input_file_ref idref="fl-a"/>
      </object_component>
      <object_component id="oc-c2">
         <name>.debug_info</name>
         <load_address>0x2f01</load_address>
         <run_address>0x2f01</run_address>
         <size>0x217</size>
         <input_file_ref idref="fl-9"/>
      </object_component>
      <object_component id="oc-c5">
         <name>.debug_info</name>
         <load_address>0x3118</load_address>
         <run_address>0x3118</run_address>
         <size>0x5e</size>
         <input_file_ref idref="fl-143"/>
      </object_component>
      <object_component id="oc-cc">
         <name>.debug_info</name>
         <load_address>0x3176</load_address>
         <run_address>0x3176</run_address>
         <size>0x1d4</size>
         <input_file_ref idref="fl-141"/>
      </object_component>
      <object_component id="oc-d2">
         <name>.debug_info</name>
         <load_address>0x334a</load_address>
         <run_address>0x334a</run_address>
         <size>0xd9</size>
         <input_file_ref idref="fl-141"/>
      </object_component>
      <object_component id="oc-da">
         <name>.debug_info</name>
         <load_address>0x3423</load_address>
         <run_address>0x3423</run_address>
         <size>0xcd</size>
         <input_file_ref idref="fl-146"/>
      </object_component>
      <object_component id="oc-e0">
         <name>.debug_info</name>
         <load_address>0x34f0</load_address>
         <run_address>0x34f0</run_address>
         <size>0x286</size>
         <input_file_ref idref="fl-14e"/>
      </object_component>
      <object_component id="oc-e6">
         <name>.debug_info</name>
         <load_address>0x3776</load_address>
         <run_address>0x3776</run_address>
         <size>0x31f</size>
         <input_file_ref idref="fl-14f"/>
      </object_component>
      <object_component id="oc-ed">
         <name>.debug_info</name>
         <load_address>0x3a95</load_address>
         <run_address>0x3a95</run_address>
         <size>0x12c3</size>
         <input_file_ref idref="fl-142"/>
      </object_component>
      <object_component id="oc-f2">
         <name>.debug_info</name>
         <load_address>0x4d58</load_address>
         <run_address>0x4d58</run_address>
         <size>0xac</size>
         <input_file_ref idref="fl-148"/>
      </object_component>
      <object_component id="oc-f5">
         <name>.debug_info</name>
         <load_address>0x4e04</load_address>
         <run_address>0x4e04</run_address>
         <size>0x1eb</size>
         <input_file_ref idref="fl-13f"/>
      </object_component>
      <object_component id="oc-f6">
         <name>.debug_info</name>
         <load_address>0x4fef</load_address>
         <run_address>0x4fef</run_address>
         <size>0x4e</size>
         <input_file_ref idref="fl-4"/>
      </object_component>
      <object_component id="oc-fe">
         <name>.debug_info</name>
         <load_address>0x503d</load_address>
         <run_address>0x503d</run_address>
         <size>0x1101</size>
         <input_file_ref idref="fl-b"/>
      </object_component>
      <object_component id="oc-104">
         <name>.debug_info</name>
         <load_address>0x613e</load_address>
         <run_address>0x613e</run_address>
         <size>0xdae</size>
         <input_file_ref idref="fl-c"/>
      </object_component>
      <object_component id="oc-108">
         <name>.debug_info</name>
         <load_address>0x6eec</load_address>
         <run_address>0x6eec</run_address>
         <size>0x12a</size>
         <input_file_ref idref="fl-a"/>
      </object_component>
      <object_component id="oc-10b">
         <name>.debug_info</name>
         <load_address>0x7016</load_address>
         <run_address>0x7016</run_address>
         <size>0xef</size>
         <input_file_ref idref="fl-a"/>
      </object_component>
      <object_component id="oc-10e">
         <name>.debug_info</name>
         <load_address>0x7105</load_address>
         <run_address>0x7105</run_address>
         <size>0xd6</size>
         <input_file_ref idref="fl-a"/>
      </object_component>
      <object_component id="oc-113">
         <name>.debug_info</name>
         <load_address>0x71db</load_address>
         <run_address>0x71db</run_address>
         <size>0x351</size>
         <input_file_ref idref="fl-a"/>
      </object_component>
      <object_component id="oc-115">
         <name>.debug_info</name>
         <load_address>0x752c</load_address>
         <run_address>0x752c</run_address>
         <size>0x1a1</size>
         <input_file_ref idref="fl-a"/>
      </object_component>
      <object_component id="oc-120">
         <name>.debug_info</name>
         <load_address>0x76cd</load_address>
         <run_address>0x76cd</run_address>
         <size>0x1e5</size>
         <input_file_ref idref="fl-160"/>
      </object_component>
      <object_component id="oc-126">
         <name>.debug_info</name>
         <load_address>0x78b2</load_address>
         <run_address>0x78b2</run_address>
         <size>0x20f</size>
         <input_file_ref idref="fl-161"/>
      </object_component>
      <object_component id="oc-12c">
         <name>.debug_info</name>
         <load_address>0x7ac1</load_address>
         <run_address>0x7ac1</run_address>
         <size>0xb71</size>
         <input_file_ref idref="fl-152"/>
      </object_component>
      <object_component id="oc-132">
         <name>.debug_info</name>
         <load_address>0x8632</load_address>
         <run_address>0x8632</run_address>
         <size>0x193</size>
         <input_file_ref idref="fl-14e"/>
      </object_component>
      <object_component id="oc-135">
         <name>.debug_info</name>
         <load_address>0x87c5</load_address>
         <run_address>0x87c5</run_address>
         <size>0x153</size>
         <input_file_ref idref="fl-159"/>
      </object_component>
      <object_component id="oc-13c">
         <name>.debug_info</name>
         <load_address>0x8918</load_address>
         <run_address>0x8918</run_address>
         <size>0x16b</size>
         <input_file_ref idref="fl-155"/>
      </object_component>
      <object_component id="oc-140">
         <name>.debug_info</name>
         <load_address>0x8a83</load_address>
         <run_address>0x8a83</run_address>
         <size>0x224</size>
         <input_file_ref idref="fl-14f"/>
      </object_component>
      <object_component id="oc-142">
         <name>.debug_info</name>
         <load_address>0x8ca7</load_address>
         <run_address>0x8ca7</run_address>
         <size>0x13a</size>
         <input_file_ref idref="fl-15d"/>
      </object_component>
      <object_component id="oc-149">
         <name>.debug_info</name>
         <load_address>0x8de1</load_address>
         <run_address>0x8de1</run_address>
         <size>0xd5</size>
         <input_file_ref idref="fl-151"/>
      </object_component>
      <object_component id="oc-14e">
         <name>.debug_info</name>
         <load_address>0x8eb6</load_address>
         <run_address>0x8eb6</run_address>
         <size>0xdb</size>
         <input_file_ref idref="fl-14a"/>
      </object_component>
      <object_component id="oc-153">
         <name>.debug_info</name>
         <load_address>0x8f91</load_address>
         <run_address>0x8f91</run_address>
         <size>0xed</size>
         <input_file_ref idref="fl-14c"/>
      </object_component>
      <object_component id="oc-158">
         <name>.debug_info</name>
         <load_address>0x907e</load_address>
         <run_address>0x907e</run_address>
         <size>0xed</size>
         <input_file_ref idref="fl-14b"/>
      </object_component>
      <object_component id="oc-15d">
         <name>.debug_info</name>
         <load_address>0x916b</load_address>
         <run_address>0x916b</run_address>
         <size>0xdd</size>
         <input_file_ref idref="fl-14a"/>
      </object_component>
      <object_component id="oc-160">
         <name>.debug_info</name>
         <load_address>0x9248</load_address>
         <run_address>0x9248</run_address>
         <size>0xe1</size>
         <input_file_ref idref="fl-14d"/>
      </object_component>
      <object_component id="oc-166">
         <name>.debug_info</name>
         <load_address>0x9329</load_address>
         <run_address>0x9329</run_address>
         <size>0x177</size>
         <input_file_ref idref="fl-153"/>
      </object_component>
      <object_component id="oc-16b">
         <name>.debug_info</name>
         <load_address>0x94a0</load_address>
         <run_address>0x94a0</run_address>
         <size>0xdf</size>
         <input_file_ref idref="fl-150"/>
      </object_component>
      <object_component id="oc-170">
         <name>.debug_info</name>
         <load_address>0x957f</load_address>
         <run_address>0x957f</run_address>
         <size>0xff</size>
         <input_file_ref idref="fl-149"/>
      </object_component>
      <object_component id="oc-175">
         <name>.debug_info</name>
         <load_address>0x967e</load_address>
         <run_address>0x967e</run_address>
         <size>0xfc</size>
         <input_file_ref idref="fl-156"/>
      </object_component>
      <object_component id="oc-17a">
         <name>.debug_info</name>
         <load_address>0x977a</load_address>
         <run_address>0x977a</run_address>
         <size>0x111</size>
         <input_file_ref idref="fl-15e"/>
      </object_component>
      <object_component id="oc-183">
         <name>.debug_info</name>
         <load_address>0x988b</load_address>
         <run_address>0x988b</run_address>
         <size>0x160</size>
         <input_file_ref idref="fl-154"/>
      </object_component>
      <object_component id="oc-188">
         <name>.debug_info</name>
         <load_address>0x99eb</load_address>
         <run_address>0x99eb</run_address>
         <size>0x126</size>
         <input_file_ref idref="fl-144"/>
      </object_component>
      <object_component id="oc-18c">
         <name>.debug_info</name>
         <load_address>0x9b11</load_address>
         <run_address>0x9b11</run_address>
         <size>0x26b</size>
         <input_file_ref idref="fl-142"/>
      </object_component>
      <object_component id="oc-18d">
         <name>.debug_info</name>
         <load_address>0x9d7c</load_address>
         <run_address>0x9d7c</run_address>
         <size>0x86</size>
         <input_file_ref idref="fl-142"/>
      </object_component>
      <object_component id="oc-192">
         <name>.debug_info</name>
         <load_address>0x9e02</load_address>
         <run_address>0x9e02</run_address>
         <size>0x39</size>
         <input_file_ref idref="fl-142"/>
      </object_component>
      <object_component id="oc-199">
         <name>.debug_info</name>
         <load_address>0x9e3b</load_address>
         <run_address>0x9e3b</run_address>
         <size>0xc5</size>
         <input_file_ref idref="fl-148"/>
      </object_component>
      <object_component id="oc-19c">
         <name>.debug_info</name>
         <load_address>0x9f00</load_address>
         <run_address>0x9f00</run_address>
         <size>0xae</size>
         <input_file_ref idref="fl-13f"/>
      </object_component>
      <object_component id="oc-1a1">
         <name>.debug_info</name>
         <load_address>0x9fae</load_address>
         <run_address>0x9fae</run_address>
         <size>0x1c3</size>
         <input_file_ref idref="fl-4"/>
      </object_component>
      <object_component id="oc-1a4">
         <name>.debug_info</name>
         <load_address>0xa171</load_address>
         <run_address>0xa171</run_address>
         <size>0x2e23</size>
         <input_file_ref idref="fl-6"/>
      </object_component>
      <object_component id="oc-1a9">
         <name>.debug_info</name>
         <load_address>0xcf94</load_address>
         <run_address>0xcf94</run_address>
         <size>0x3474</size>
         <input_file_ref idref="fl-4"/>
      </object_component>
      <object_component id="oc-1af">
         <name>.debug_info</name>
         <load_address>0x10408</load_address>
         <run_address>0x10408</run_address>
         <size>0x379</size>
         <input_file_ref idref="fl-b"/>
      </object_component>
      <object_component id="oc-1b0">
         <name>.debug_info</name>
         <load_address>0x10781</load_address>
         <run_address>0x10781</run_address>
         <size>0x8b</size>
         <input_file_ref idref="fl-4"/>
      </object_component>
      <object_component id="oc-1b6">
         <name>.debug_info</name>
         <load_address>0x1080c</load_address>
         <run_address>0x1080c</run_address>
         <size>0x295f</size>
         <input_file_ref idref="fl-7"/>
      </object_component>
      <object_component id="oc-1bc">
         <name>.debug_info</name>
         <load_address>0x1316b</load_address>
         <run_address>0x1316b</run_address>
         <size>0x10e</size>
         <input_file_ref idref="fl-c"/>
      </object_component>
      <object_component id="oc-1c0">
         <name>.debug_info</name>
         <load_address>0x13279</load_address>
         <run_address>0x13279</run_address>
         <size>0xe0e</size>
         <input_file_ref idref="fl-5"/>
      </object_component>
      <object_component id="oc-1c5">
         <name>.debug_info</name>
         <load_address>0x14087</load_address>
         <run_address>0x14087</run_address>
         <size>0x479</size>
         <input_file_ref idref="fl-c"/>
      </object_component>
      <object_component id="oc-1ce">
         <name>.debug_info</name>
         <load_address>0x14500</load_address>
         <run_address>0x14500</run_address>
         <size>0x196</size>
         <input_file_ref idref="fl-162"/>
      </object_component>
      <object_component id="oc-1d3">
         <name>.debug_info</name>
         <load_address>0x14696</load_address>
         <run_address>0x14696</run_address>
         <size>0x1b5</size>
         <input_file_ref idref="fl-163"/>
      </object_component>
      <object_component id="oc-1d9">
         <name>.debug_info</name>
         <load_address>0x1484b</load_address>
         <run_address>0x1484b</run_address>
         <size>0x106</size>
         <input_file_ref idref="fl-160"/>
      </object_component>
      <object_component id="oc-1db">
         <name>.debug_info</name>
         <load_address>0x14951</load_address>
         <run_address>0x14951</run_address>
         <size>0x139</size>
         <input_file_ref idref="fl-148"/>
      </object_component>
      <object_component id="oc-1de">
         <name>.debug_info</name>
         <load_address>0x14a8a</load_address>
         <run_address>0x14a8a</run_address>
         <size>0x157</size>
         <input_file_ref idref="fl-161"/>
      </object_component>
      <object_component id="oc-1e1">
         <name>.debug_info</name>
         <load_address>0x14be1</load_address>
         <run_address>0x14be1</run_address>
         <size>0x17e</size>
         <input_file_ref idref="fl-158"/>
      </object_component>
      <object_component id="oc-1e7">
         <name>.debug_info</name>
         <load_address>0x14d5f</load_address>
         <run_address>0x14d5f</run_address>
         <size>0x16d</size>
         <input_file_ref idref="fl-157"/>
      </object_component>
      <object_component id="oc-1ed">
         <name>.debug_info</name>
         <load_address>0x14ecc</load_address>
         <run_address>0x14ecc</run_address>
         <size>0x182</size>
         <input_file_ref idref="fl-15a"/>
      </object_component>
      <object_component id="oc-1f2">
         <name>.debug_info</name>
         <load_address>0x1504e</load_address>
         <run_address>0x1504e</run_address>
         <size>0xcb</size>
         <input_file_ref idref="fl-152"/>
      </object_component>
      <object_component id="oc-1f5">
         <name>.debug_info</name>
         <load_address>0x15119</load_address>
         <run_address>0x15119</run_address>
         <size>0x45a</size>
         <input_file_ref idref="fl-152"/>
      </object_component>
      <object_component id="oc-1f7">
         <name>.debug_info</name>
         <load_address>0x15573</load_address>
         <run_address>0x15573</run_address>
         <size>0x2c</size>
         <input_file_ref idref="fl-152"/>
      </object_component>
      <object_component id="oc-1ff">
         <name>.debug_info</name>
         <load_address>0x1559f</load_address>
         <run_address>0x1559f</run_address>
         <size>0x9f</size>
         <input_file_ref idref="fl-159"/>
      </object_component>
      <object_component id="oc-201">
         <name>.debug_info</name>
         <load_address>0x1563e</load_address>
         <run_address>0x1563e</run_address>
         <size>0xb5</size>
         <input_file_ref idref="fl-155"/>
      </object_component>
      <object_component id="oc-20c">
         <name>.debug_info</name>
         <load_address>0x156f3</load_address>
         <run_address>0x156f3</run_address>
         <size>0x101</size>
         <input_file_ref idref="fl-153"/>
      </object_component>
      <object_component id="oc-211">
         <name>.debug_info</name>
         <load_address>0x157f4</load_address>
         <run_address>0x157f4</run_address>
         <size>0x10f</size>
         <input_file_ref idref="fl-15f"/>
      </object_component>
      <object_component id="oc-218">
         <name>.debug_info</name>
         <load_address>0x15903</load_address>
         <run_address>0x15903</run_address>
         <size>0xa6</size>
         <input_file_ref idref="fl-154"/>
      </object_component>
      <object_component id="oc-21a">
         <name>.debug_info</name>
         <load_address>0x159a9</load_address>
         <run_address>0x159a9</run_address>
         <size>0xaf</size>
         <input_file_ref idref="fl-147"/>
      </object_component>
      <object_component id="oc-21d">
         <name>.debug_info</name>
         <load_address>0x15a58</load_address>
         <run_address>0x15a58</run_address>
         <size>0xc5</size>
         <input_file_ref idref="fl-144"/>
      </object_component>
      <object_component id="oc-220">
         <name>.debug_info</name>
         <load_address>0x15b1d</load_address>
         <run_address>0x15b1d</run_address>
         <size>0x2c</size>
         <input_file_ref idref="fl-142"/>
      </object_component>
      <object_component id="oc-225">
         <name>.debug_info</name>
         <load_address>0x15b49</load_address>
         <run_address>0x15b49</run_address>
         <size>0x46</size>
         <input_file_ref idref="fl-142"/>
      </object_component>
      <object_component id="oc-22f">
         <name>.debug_info</name>
         <load_address>0x15b8f</load_address>
         <run_address>0x15b8f</run_address>
         <size>0xfa</size>
         <input_file_ref idref="fl-6"/>
      </object_component>
      <object_component id="oc-234">
         <name>.debug_info</name>
         <load_address>0x15c89</load_address>
         <run_address>0x15c89</run_address>
         <size>0x3aa</size>
         <input_file_ref idref="fl-3"/>
      </object_component>
      <object_component id="oc-238">
         <name>.debug_info</name>
         <load_address>0x16033</load_address>
         <run_address>0x16033</run_address>
         <size>0xf4</size>
         <input_file_ref idref="fl-6"/>
      </object_component>
      <object_component id="oc-23b">
         <name>.debug_info</name>
         <load_address>0x16127</load_address>
         <run_address>0x16127</run_address>
         <size>0x100</size>
         <input_file_ref idref="fl-6"/>
      </object_component>
      <object_component id="oc-23e">
         <name>.debug_info</name>
         <load_address>0x16227</load_address>
         <run_address>0x16227</run_address>
         <size>0x107</size>
         <input_file_ref idref="fl-6"/>
      </object_component>
      <object_component id="oc-242">
         <name>.debug_info</name>
         <load_address>0x1632e</load_address>
         <run_address>0x1632e</run_address>
         <size>0x21c</size>
         <input_file_ref idref="fl-6"/>
      </object_component>
      <object_component id="oc-244">
         <name>.debug_info</name>
         <load_address>0x1654a</load_address>
         <run_address>0x1654a</run_address>
         <size>0x10e</size>
         <input_file_ref idref="fl-4"/>
      </object_component>
      <object_component id="oc-247">
         <name>.debug_info</name>
         <load_address>0x16658</load_address>
         <run_address>0x16658</run_address>
         <size>0x15c</size>
         <input_file_ref idref="fl-4"/>
      </object_component>
      <object_component id="oc-24a">
         <name>.debug_info</name>
         <load_address>0x167b4</load_address>
         <run_address>0x167b4</run_address>
         <size>0x110</size>
         <input_file_ref idref="fl-4"/>
      </object_component>
      <object_component id="oc-24d">
         <name>.debug_info</name>
         <load_address>0x168c4</load_address>
         <run_address>0x168c4</run_address>
         <size>0x102</size>
         <input_file_ref idref="fl-4"/>
      </object_component>
      <object_component id="oc-253">
         <name>.debug_info</name>
         <load_address>0x169c6</load_address>
         <run_address>0x169c6</run_address>
         <size>0xfe</size>
         <input_file_ref idref="fl-7"/>
      </object_component>
      <object_component id="oc-256">
         <name>.debug_info</name>
         <load_address>0x16ac4</load_address>
         <run_address>0x16ac4</run_address>
         <size>0x148</size>
         <input_file_ref idref="fl-7"/>
      </object_component>
      <object_component id="oc-259">
         <name>.debug_info</name>
         <load_address>0x16c0c</load_address>
         <run_address>0x16c0c</run_address>
         <size>0x110</size>
         <input_file_ref idref="fl-7"/>
      </object_component>
      <object_component id="oc-25c">
         <name>.debug_info</name>
         <load_address>0x16d1c</load_address>
         <run_address>0x16d1c</run_address>
         <size>0x1b5</size>
         <input_file_ref idref="fl-7"/>
      </object_component>
      <object_component id="oc-260">
         <name>.debug_info</name>
         <load_address>0x16ed1</load_address>
         <run_address>0x16ed1</run_address>
         <size>0xfe</size>
         <input_file_ref idref="fl-5"/>
      </object_component>
      <object_component id="oc-263">
         <name>.debug_info</name>
         <load_address>0x16fcf</load_address>
         <run_address>0x16fcf</run_address>
         <size>0x1b7</size>
         <input_file_ref idref="fl-5"/>
      </object_component>
      <object_component id="oc-266">
         <name>.debug_info</name>
         <load_address>0x17186</load_address>
         <run_address>0x17186</run_address>
         <size>0xf5</size>
         <input_file_ref idref="fl-5"/>
      </object_component>
      <object_component id="oc-269">
         <name>.debug_info</name>
         <load_address>0x1727b</load_address>
         <run_address>0x1727b</run_address>
         <size>0x1ab</size>
         <input_file_ref idref="fl-5"/>
      </object_component>
      <object_component id="oc-26d">
         <name>.debug_info</name>
         <load_address>0x17426</load_address>
         <run_address>0x17426</run_address>
         <size>0x134</size>
         <input_file_ref idref="fl-162"/>
      </object_component>
      <object_component id="oc-272">
         <name>.debug_info</name>
         <load_address>0x1755a</load_address>
         <run_address>0x1755a</run_address>
         <size>0x855</size>
         <input_file_ref idref="fl-166"/>
      </object_component>
      <object_component id="oc-278">
         <name>.debug_info</name>
         <load_address>0x17daf</load_address>
         <run_address>0x17daf</run_address>
         <size>0x40a</size>
         <input_file_ref idref="fl-165"/>
      </object_component>
      <object_component id="oc-27b">
         <name>.debug_info</name>
         <load_address>0x181b9</load_address>
         <run_address>0x181b9</run_address>
         <size>0x175</size>
         <input_file_ref idref="fl-163"/>
      </object_component>
      <object_component id="oc-27c">
         <name>.debug_info</name>
         <load_address>0x1832e</load_address>
         <run_address>0x1832e</run_address>
         <size>0xbb</size>
         <input_file_ref idref="fl-160"/>
      </object_component>
      <object_component id="oc-288">
         <name>.debug_info</name>
         <load_address>0x183e9</load_address>
         <run_address>0x183e9</run_address>
         <size>0x9a</size>
         <input_file_ref idref="fl-158"/>
      </object_component>
      <object_component id="oc-28a">
         <name>.debug_info</name>
         <load_address>0x18483</load_address>
         <run_address>0x18483</run_address>
         <size>0xaa</size>
         <input_file_ref idref="fl-157"/>
      </object_component>
      <object_component id="oc-28c">
         <name>.debug_info</name>
         <load_address>0x1852d</load_address>
         <run_address>0x1852d</run_address>
         <size>0xab</size>
         <input_file_ref idref="fl-15a"/>
      </object_component>
      <object_component id="oc-28e">
         <name>.debug_info</name>
         <load_address>0x185d8</load_address>
         <run_address>0x185d8</run_address>
         <size>0x9e2</size>
         <input_file_ref idref="fl-15b"/>
      </object_component>
      <object_component id="oc-297">
         <name>.debug_info</name>
         <load_address>0x18fba</load_address>
         <run_address>0x18fba</run_address>
         <size>0x120</size>
         <input_file_ref idref="fl-152"/>
      </object_component>
      <object_component id="oc-2a3">
         <name>.debug_info</name>
         <load_address>0x190da</load_address>
         <run_address>0x190da</run_address>
         <size>0x9a</size>
         <input_file_ref idref="fl-15f"/>
      </object_component>
      <object_component id="oc-2a8">
         <name>.debug_info</name>
         <load_address>0x19174</load_address>
         <run_address>0x19174</run_address>
         <size>0xa3</size>
         <input_file_ref idref="fl-147"/>
      </object_component>
      <object_component id="oc-2b6">
         <name>.debug_info</name>
         <load_address>0x19217</load_address>
         <run_address>0x19217</run_address>
         <size>0x5f</size>
         <input_file_ref idref="fl-6"/>
      </object_component>
      <object_component id="oc-2d6">
         <name>.debug_info</name>
         <load_address>0x19276</load_address>
         <run_address>0x19276</run_address>
         <size>0x101</size>
         <input_file_ref idref="fl-166"/>
      </object_component>
      <object_component id="oc-2dc">
         <name>.debug_info</name>
         <load_address>0x19377</load_address>
         <run_address>0x19377</run_address>
         <size>0x24d</size>
         <input_file_ref idref="fl-167"/>
      </object_component>
      <object_component id="oc-2e1">
         <name>.debug_info</name>
         <load_address>0x195c4</load_address>
         <run_address>0x195c4</run_address>
         <size>0x1f1</size>
         <input_file_ref idref="fl-165"/>
      </object_component>
      <object_component id="oc-2eb">
         <name>.debug_info</name>
         <load_address>0x197b5</load_address>
         <run_address>0x197b5</run_address>
         <size>0x236</size>
         <input_file_ref idref="fl-15c"/>
      </object_component>
      <object_component id="oc-2f3">
         <name>.debug_info</name>
         <load_address>0x199eb</load_address>
         <run_address>0x199eb</run_address>
         <size>0x169</size>
         <input_file_ref idref="fl-164"/>
      </object_component>
      <object_component id="oc-2f7">
         <name>.debug_info</name>
         <load_address>0x19b54</load_address>
         <run_address>0x19b54</run_address>
         <size>0x1ef</size>
         <input_file_ref idref="fl-15b"/>
      </object_component>
      <object_component id="oc-2fa">
         <name>.debug_info</name>
         <load_address>0x19d43</load_address>
         <run_address>0x19d43</run_address>
         <size>0x39</size>
         <input_file_ref idref="fl-15b"/>
      </object_component>
      <object_component id="oc-306">
         <name>.debug_info</name>
         <load_address>0x19d7c</load_address>
         <run_address>0x19d7c</run_address>
         <size>0xb6</size>
         <input_file_ref idref="fl-148"/>
      </object_component>
      <object_component id="oc-309">
         <name>.debug_info</name>
         <load_address>0x19e32</load_address>
         <run_address>0x19e32</run_address>
         <size>0x1b5</size>
         <input_file_ref idref="fl-167"/>
      </object_component>
      <object_component id="oc-30d">
         <name>.debug_info</name>
         <load_address>0x19fe7</load_address>
         <run_address>0x19fe7</run_address>
         <size>0xb2</size>
         <input_file_ref idref="fl-15c"/>
      </object_component>
      <object_component id="oc-310">
         <name>.debug_info</name>
         <load_address>0x1a099</load_address>
         <run_address>0x1a099</run_address>
         <size>0xca</size>
         <input_file_ref idref="fl-15c"/>
      </object_component>
      <object_component id="oc-312">
         <name>.debug_info</name>
         <load_address>0x1a163</load_address>
         <run_address>0x1a163</run_address>
         <size>0xaa</size>
         <input_file_ref idref="fl-164"/>
      </object_component>
      <object_component id="oc-342">
         <name>.debug_info</name>
         <load_address>0x1a20d</load_address>
         <run_address>0x1a20d</run_address>
         <size>0xaf</size>
      </object_component>
      <object_component id="oc-10">
         <name>.debug_pubnames</name>
         <load_address>0x0</load_address>
         <run_address>0x0</run_address>
         <size>0x23</size>
         <input_file_ref idref="fl-2"/>
      </object_component>
      <object_component id="oc-13">
         <name>.debug_pubnames</name>
         <load_address>0x23</load_address>
         <run_address>0x23</run_address>
         <size>0x1f</size>
         <input_file_ref idref="fl-139"/>
      </object_component>
      <object_component id="oc-19">
         <name>.debug_pubnames</name>
         <load_address>0x42</load_address>
         <run_address>0x42</run_address>
         <size>0x2b</size>
         <input_file_ref idref="fl-13a"/>
      </object_component>
      <object_component id="oc-21">
         <name>.debug_pubnames</name>
         <load_address>0x6d</load_address>
         <run_address>0x6d</run_address>
         <size>0x25</size>
         <input_file_ref idref="fl-13c"/>
      </object_component>
      <object_component id="oc-24">
         <name>.debug_pubnames</name>
         <load_address>0x92</load_address>
         <run_address>0x92</run_address>
         <size>0x2c</size>
         <input_file_ref idref="fl-13b"/>
      </object_component>
      <object_component id="oc-2b">
         <name>.debug_pubnames</name>
         <load_address>0xbe</load_address>
         <run_address>0xbe</run_address>
         <size>0x22</size>
         <input_file_ref idref="fl-166"/>
      </object_component>
      <object_component id="oc-2e">
         <name>.debug_pubnames</name>
         <load_address>0xe0</load_address>
         <run_address>0xe0</run_address>
         <size>0x4c</size>
         <input_file_ref idref="fl-2"/>
      </object_component>
      <object_component id="oc-38">
         <name>.debug_pubnames</name>
         <load_address>0x12c</load_address>
         <run_address>0x12c</run_address>
         <size>0x37</size>
         <input_file_ref idref="fl-145"/>
      </object_component>
      <object_component id="oc-3d">
         <name>.debug_pubnames</name>
         <load_address>0x163</load_address>
         <run_address>0x163</run_address>
         <size>0x21</size>
         <input_file_ref idref="fl-143"/>
      </object_component>
      <object_component id="oc-44">
         <name>.debug_pubnames</name>
         <load_address>0x184</load_address>
         <run_address>0x184</run_address>
         <size>0x35</size>
         <input_file_ref idref="fl-13d"/>
      </object_component>
      <object_component id="oc-48">
         <name>.debug_pubnames</name>
         <load_address>0x1b9</load_address>
         <run_address>0x1b9</run_address>
         <size>0x23</size>
         <input_file_ref idref="fl-140"/>
      </object_component>
      <object_component id="oc-4d">
         <name>.debug_pubnames</name>
         <load_address>0x1dc</load_address>
         <run_address>0x1dc</run_address>
         <size>0x1d</size>
         <input_file_ref idref="fl-13e"/>
      </object_component>
      <object_component id="oc-60">
         <name>.debug_pubnames</name>
         <load_address>0x1f9</load_address>
         <run_address>0x1f9</run_address>
         <size>0x2f</size>
         <input_file_ref idref="fl-13b"/>
      </object_component>
      <object_component id="oc-7e">
         <name>.debug_pubnames</name>
         <load_address>0x228</load_address>
         <run_address>0x228</run_address>
         <size>0x1e</size>
         <input_file_ref idref="fl-146"/>
[...]
         <name>fGpio_setHigh</name>
         <value>0x9f9</value>
         <object_component_ref idref="oc-fb"/>
      </symbol>
      <symbol id="sm-561">
         <name>fGpio_Init</name>
         <value>0xeed</value>
         <object_component_ref idref="oc-fb"/>
      </symbol>
      <symbol id="sm-562">
         <name>fGpio_IntGet</name>
         <value>0x13e1</value>
         <object_component_ref idref="oc-fb"/>
      </symbol>
      <symbol id="sm-563">
         <name>fGpio_setToggle</name>
         <value>0xc89</value>
         <object_component_ref idref="oc-fb"/>
      </symbol>
      <symbol id="sm-564">
         <name>fGpio_unlockPin</name>
         <value>0x59d</value>
         <object_component_ref idref="oc-fb"/>
      </symbol>
      <symbol id="sm-565">
         <name>fGpio_IntClear</name>
         <value>0x1285</value>
         <object_component_ref idref="oc-fb"/>
      </symbol>
      <symbol id="sm-566">
         <name>fGpio_setAlternateFunction</name>
         <value>0x14bf</value>
         <object_component_ref idref="oc-fb"/>
      </symbol>
      <symbol id="sm-5e1">
         <name>fUart_receiveByte</name>
         <value>0x46af</value>
         <object_component_ref idref="oc-101"/>
      </symbol>
      <symbol id="sm-5e2">
         <name>fUart_IntInit</name>
         <value>0x44b1</value>
         <object_component_ref idref="oc-101"/>
      </symbol>
      <symbol id="sm-5e3">
         <name>fUart_Init</name>
         <value>0x430d</value>
         <object_component_ref idref="oc-101"/>
      </symbol>
      <symbol id="sm-5e4">
         <name>fUart_IntGet</name>
         <value>0x4549</value>
         <object_component_ref idref="oc-101"/>
      </symbol>
      <symbol id="sm-5e5">
         <name>fUart_setConfig</name>
         <value>0x409d</value>
         <object_component_ref idref="oc-101"/>
      </symbol>
      <symbol id="sm-5e6">
         <name>fUart_sendByte</name>
         <value>0x4641</value>
         <object_component_ref idref="oc-101"/>
      </symbol>
      <symbol id="sm-5e7">
         <name>fUart_enableSysCtl</name>
         <value>0x3e91</value>
         <object_component_ref idref="oc-101"/>
      </symbol>
      <symbol id="sm-5e8">
         <name>fUart_IntClear</name>
         <value>0x45d5</value>
         <object_component_ref idref="oc-101"/>
      </symbol>
      <symbol id="sm-5e9">
         <name>fUart_setPins</name>
         <value>0x3f67</value>
         <object_component_ref idref="oc-101"/>
      </symbol>
      <symbol id="sm-5ea">
         <name>fUart_Start</name>
         <value>0x42a7</value>
         <object_component_ref idref="oc-101"/>
      </symbol>
      <symbol id="sm-5eb">
         <name>fUart_DeInit</name>
         <value>0x400f</value>
         <object_component_ref idref="oc-101"/>
      </symbol>
      <symbol id="sm-5fb">
         <name>_c_int00</name>
         <value>0x6fd9</value>
         <object_component_ref idref="oc-11"/>
      </symbol>
      <symbol id="sm-5fc">
         <name>__stack</name>
         <value>0x20000000</value>
         <object_component_ref idref="oc-28"/>
      </symbol>
      <symbol id="sm-613">
         <name>__TI_decompress_none</name>
         <value>0x72bd</value>
         <object_component_ref idref="oc-16"/>
      </symbol>
      <symbol id="sm-637">
         <name>__TI_decompress_rle24</name>
         <value>0x72dd</value>
         <object_component_ref idref="oc-22"/>
      </symbol>
      <symbol id="sm-650">
         <name>__TI_zero_init</name>
         <value>0x7289</value>
         <object_component_ref idref="oc-1c"/>
      </symbol>
      <symbol id="sm-66f">
         <name>C$$EXIT</name>
         <value>0x70ad</value>
         <object_component_ref idref="oc-40"/>
      </symbol>
      <symbol id="sm-670">
         <name>abort</name>
         <value>0x70b1</value>
         <object_component_ref idref="oc-40"/>
      </symbol>
      <symbol id="sm-671">
         <name>exit</name>
         <value>0x70b9</value>
         <object_component_ref idref="oc-40"/>
      </symbol>
      <symbol id="sm-672">
         <name>__TI_dtors_ptr</name>
         <value>0x20000658</value>
         <object_component_ref idref="oc-8d"/>
      </symbol>
      <symbol id="sm-673">
         <name>__TI_cleanup_ptr</name>
         <value>0x20000654</value>
         <object_component_ref idref="oc-8d"/>
      </symbol>
      <symbol id="sm-68e">
         <name>memcpy</name>
         <value>0x6a55</value>
         <object_component_ref idref="oc-4a"/>
      </symbol>
      <symbol id="sm-68f">
         <name>__aeabi_memcpy</name>
         <value>0x6a55</value>
         <object_component_ref idref="oc-4a"/>
      </symbol>
      <symbol id="sm-690">
         <name>__aeabi_memcpy8</name>
         <value>0x6a55</value>
         <object_component_ref idref="oc-4a"/>
      </symbol>
      <symbol id="sm-691">
         <name>__aeabi_memcpy4</name>
         <value>0x6a55</value>
         <object_component_ref idref="oc-4a"/>
      </symbol>
      <symbol id="sm-6af">
         <name>printf</name>
         <value>0x6da9</value>
         <object_component_ref idref="oc-b5"/>
      </symbol>
      <symbol id="sm-6b7">
         <name>main_func_sp</name>
         <value>0x20000660</value>
         <object_component_ref idref="oc-46"/>
      </symbol>
      <symbol id="sm-6d0">
         <name>_nop</name>
         <value>0x726f</value>
         <object_component_ref idref="oc-ca"/>
      </symbol>
      <symbol id="sm-6d1">
         <name>_lock</name>
         <value>0x2000064c</value>
         <object_component_ref idref="oc-8a"/>
      </symbol>
      <symbol id="sm-6d2">
         <name>_unlock</name>
         <value>0x20000650</value>
         <object_component_ref idref="oc-8a"/>
      </symbol>
      <symbol id="sm-6d3">
         <name>_register_lock</name>
         <value>0x7267</value>
         <object_component_ref idref="oc-ca"/>
      </symbol>
      <symbol id="sm-6d4">
         <name>_register_unlock</name>
         <value>0x7261</value>
         <object_component_ref idref="oc-ca"/>
      </symbol>
      <symbol id="sm-7c5">
         <name>__TI_printfi</name>
         <value>0x2fcb</value>
         <object_component_ref idref="oc-eb"/>
      </symbol>
      <symbol id="sm-7d9">
         <name>_args_main</name>
         <value>0x71ed</value>
         <object_component_ref idref="oc-3a"/>
      </symbol>
      <symbol id="sm-7ef">
         <name>atoi</name>
         <value>0x6f8d</value>
         <object_component_ref idref="oc-185"/>
      </symbol>
      <symbol id="sm-80c">
         <name>__TI_auto_init</name>
         <value>0x6b89</value>
         <object_component_ref idref="oc-35"/>
      </symbol>
      <symbol id="sm-825">
         <name>copy_in</name>
         <value>0x7069</value>
         <object_component_ref idref="oc-7b"/>
      </symbol>
      <symbol id="sm-830">
         <name>_ctypes_</name>
         <value>0x7404</value>
         <object_component_ref idref="oc-219"/>
      </symbol>
      <symbol id="sm-849">
         <name>__aeabi_stdout</name>
         <value>0x20000638</value>
         <object_component_ref idref="oc-1da"/>
      </symbol>
      <symbol id="sm-84a">
         <name>__TI_tmpnams</name>
         <value>0x20000784</value>
         <object_component_ref idref="oc-305"/>
      </symbol>
      <symbol id="sm-84b">
         <name>__aeabi_stderr</name>
         <value>0x2000063c</value>
         <object_component_ref idref="oc-1da"/>
      </symbol>
      <symbol id="sm-84c">
         <name>__aeabi_stdin</name>
         <value>0x20000634</value>
         <object_component_ref idref="oc-1da"/>
      </symbol>
      <symbol id="sm-84d">
         <name>_ftable</name>
         <value>0x20000470</value>
         <object_component_ref idref="oc-f1"/>
      </symbol>
      <symbol id="sm-84e">
         <name>__TI_ft_end</name>
         <value>0x20000630</value>
         <object_component_ref idref="oc-1da"/>
      </symbol>
      <symbol id="sm-865">
         <name>__aeabi_dsub</name>
         <value>0x61b5</value>
         <object_component_ref idref="oc-16f"/>
      </symbol>
      <symbol id="sm-866">
         <name>__aeabi_dadd</name>
         <value>0x61bf</value>
         <object_component_ref idref="oc-16f"/>
      </symbol>
      <symbol id="sm-888">
         <name>__aeabi_cdcmpeq</name>
         <value>0x6c1d</value>
         <object_component_ref idref="oc-14b"/>
      </symbol>
      <symbol id="sm-889">
         <name>__aeabi_cdcmple</name>
         <value>0x6c1d</value>
         <object_component_ref idref="oc-14b"/>
      </symbol>
      <symbol id="sm-88a">
         <name>__aeabi_cdrcmple</name>
         <value>0x6ca3</value>
         <object_component_ref idref="oc-15a"/>
      </symbol>
      <symbol id="sm-89e">
         <name>__aeabi_ddiv</name>
         <value>0x636b</value>
         <object_component_ref idref="oc-155"/>
      </symbol>
      <symbol id="sm-8a9">
         <name>__aeabi_dmul</name>
         <value>0x65d5</value>
         <object_component_ref idref="oc-150"/>
      </symbol>
      <symbol id="sm-8b3">
         <name>__aeabi_d2iz</name>
         <value>0x7021</value>
         <object_component_ref idref="oc-15f"/>
      </symbol>
      <symbol id="sm-8cb">
         <name>putc</name>
         <value>0x6a3d</value>
         <object_component_ref idref="oc-df"/>
      </symbol>
      <symbol id="sm-8cc">
         <name>fputc</name>
         <value>0x69b9</value>
         <object_component_ref idref="oc-df"/>
      </symbol>
      <symbol id="sm-8cd">
         <name>putchar</name>
         <value>0x6a41</value>
         <object_component_ref idref="oc-df"/>
      </symbol>
      <symbol id="sm-8ef">
         <name>puts</name>
         <value>0x65ad</value>
         <object_component_ref idref="oc-e5"/>
      </symbol>
      <symbol id="sm-8f0">
         <name>fputs</name>
         <value>0x64a1</value>
         <object_component_ref idref="oc-e5"/>
      </symbol>
      <symbol id="sm-8fa">
         <name>__aeabi_i2d</name>
         <value>0x71a3</value>
         <object_component_ref idref="oc-16a"/>
      </symbol>
      <symbol id="sm-903">
         <name>__aeabi_lmul</name>
         <value>0x7205</value>
         <object_component_ref idref="oc-146"/>
      </symbol>
      <symbol id="sm-951">
         <name>open</name>
         <value>0x595b</value>
         <object_component_ref idref="oc-12b"/>
      </symbol>
      <symbol id="sm-952">
         <name>add_device</name>
         <value>0x5a7f</value>
         <object_component_ref idref="oc-12b"/>
      </symbol>
      <symbol id="sm-953">
         <name>remove_device</name>
         <value>0x590f</value>
         <object_component_ref idref="oc-12b"/>
      </symbol>
      <symbol id="sm-954">
         <name>lseek</name>
         <value>0x5a09</value>
         <object_component_ref idref="oc-12b"/>
      </symbol>
      <symbol id="sm-955">
         <name>read</name>
         <value>0x5937</value>
         <object_component_ref idref="oc-12b"/>
      </symbol>
      <symbol id="sm-956">
         <name>rename</name>
         <value>0x58d1</value>
         <object_component_ref idref="oc-12b"/>
      </symbol>
      <symbol id="sm-957">
         <name>write</name>
         <value>0x581d</value>
         <object_component_ref idref="oc-12b"/>
      </symbol>
      <symbol id="sm-958">
         <name>close</name>
         <value>0x5a2d</value>
         <object_component_ref idref="oc-12b"/>
      </symbol>
      <symbol id="sm-959">
         <name>unlink</name>
         <value>0x58ad</value>
         <object_component_ref idref="oc-12b"/>
      </symbol>
      <symbol id="sm-968">
         <name>ltoa</name>
         <value>0x6f33</value>
         <object_component_ref idref="oc-164"/>
      </symbol>
      <symbol id="sm-978">
         <name>memccpy</name>
         <value>0x71d1</value>
         <object_component_ref idref="oc-17f"/>
      </symbol>
      <symbol id="sm-988">
         <name>memchr</name>
         <value>0x7235</value>
         <object_component_ref idref="oc-139"/>
      </symbol>
      <symbol id="sm-997">
         <name>__aeabi_memset</name>
         <value>0x6d2b</value>
         <object_component_ref idref="oc-174"/>
      </symbol>
      <symbol id="sm-998">
         <name>memset</name>
         <value>0x6d31</value>
         <object_component_ref idref="oc-174"/>
      </symbol>
      <symbol id="sm-999">
         <name>__aeabi_memset8</name>
         <value>0x6d2b</value>
         <object_component_ref idref="oc-174"/>
      </symbol>
      <symbol id="sm-99a">
         <name>__aeabi_memset4</name>
         <value>0x6d2b</value>
         <object_component_ref idref="oc-174"/>
      </symbol>
      <symbol id="sm-99b">
         <name>__aeabi_memclr8</name>
         <value>0x6d29</value>
         <object_component_ref idref="oc-174"/>
      </symbol>
      <symbol id="sm-99c">
         <name>__aeabi_memclr4</name>
         <value>0x6d29</value>
         <object_component_ref idref="oc-174"/>
      </symbol>
      <symbol id="sm-99d">
         <name>__aeabi_memclr</name>
         <value>0x6d29</value>
         <object_component_ref idref="oc-174"/>
      </symbol>
      <symbol id="sm-9ad">
         <name>strchr</name>
         <value>0x724b</value>
         <object_component_ref idref="oc-1e5"/>
      </symbol>
      <symbol id="sm-9bc">
         <name>strcmp</name>
         <value>0x721d</value>
         <object_component_ref idref="oc-1df"/>
      </symbol>
      <symbol id="sm-9ca">
         <name>strlen</name>
         <value>0x7275</value>
         <object_component_ref idref="oc-133"/>
      </symbol>
      <symbol id="sm-9da">
         <name>strncpy</name>
         <value>0x7173</value>
         <object_component_ref idref="oc-1eb"/>
      </symbol>
      <symbol id="sm-9fb">
         <name>HOSTgetenv</name>
         <value>0x5d43</value>
         <object_component_ref idref="oc-28d"/>
      </symbol>
      <symbol id="sm-9fc">
         <name>HOSTrename</name>
         <value>0x5beb</value>
         <object_component_ref idref="oc-28d"/>
      </symbol>
      <symbol id="sm-9fd">
         <name>HOSTclose</name>
         <value>0x5d81</value>
         <object_component_ref idref="oc-28d"/>
      </symbol>
      <symbol id="sm-9fe">
         <name>HOSTunlink</name>
         <value>0x5b79</value>
         <object_component_ref idref="oc-28d"/>
      </symbol>
      <symbol id="sm-9ff">
         <name>HOSTlseek</name>
         <value>0x5ce7</value>
         <object_component_ref idref="oc-28d"/>
      </symbol>
      <symbol id="sm-a00">
         <name>HOSTopen</name>
         <value>0x5c95</value>
         <object_component_ref idref="oc-28d"/>
      </symbol>
      <symbol id="sm-a01">
         <name>HOSTclock</name>
         <value>0x5db9</value>
         <object_component_ref idref="oc-28d"/>
      </symbol>
      <symbol id="sm-a02">
         <name>HOSTwrite</name>
         <value>0x5b2d</value>
         <object_component_ref idref="oc-28d"/>
      </symbol>
      <symbol id="sm-a03">
         <name>HOSTread</name>
         <value>0x5c49</value>
         <object_component_ref idref="oc-28d"/>
      </symbol>
      <symbol id="sm-a04">
         <name>HOSTtime</name>
         <value>0x5bb1</value>
         <object_component_ref idref="oc-28d"/>
      </symbol>
      <symbol id="sm-a1f">
         <name>__TI_readmsg</name>
         <value>0x6ea3</value>
         <object_component_ref idref="oc-2ea"/>
      </symbol>
      <symbol id="sm-a20">
         <name>C$$IO$$</name>
         <value>0x6e9f</value>
         <object_component_ref idref="oc-2ea"/>
      </symbol>
      <symbol id="sm-a21">
         <name>__CIOBUF_</name>
         <value>0x20000664</value>
         <object_component_ref idref="oc-30c"/>
      </symbol>
      <symbol id="sm-a22">
         <name>__TI_writemsg</name>
         <value>0x6e75</value>
         <object_component_ref idref="oc-2ea"/>
      </symbol>
      <symbol id="sm-a3e">
         <name>__aeabi_uldivmod</name>
         <value>0x5e01</value>
         <object_component_ref idref="oc-141"/>
      </symbol>
      <symbol id="sm-a48">
         <name>_Dclass</name>
         <value>0x729b</value>
         <object_component_ref idref="oc-179"/>
      </symbol>
      <symbol id="sm-a5a">
         <name>_Dtest</name>
         <value>0x70f1</value>
         <object_component_ref idref="oc-210"/>
      </symbol>
      <symbol id="sm-a78">
         <name>__TI_wrt_ok</name>
         <value>0x686d</value>
         <object_component_ref idref="oc-11f"/>
      </symbol>
      <symbol id="sm-a79">
         <name>__TI_rd_ok</name>
         <value>0x68cf</value>
         <object_component_ref idref="oc-11f"/>
      </symbol>
      <symbol id="sm-a93">
         <name>__TI_doflush</name>
         <value>0x67ad</value>
         <object_component_ref idref="oc-125"/>
      </symbol>
      <symbol id="sm-a94">
         <name>fflush</name>
         <value>0x67f9</value>
         <object_component_ref idref="oc-125"/>
      </symbol>
      <symbol id="sm-aa6">
         <name>fseek</name>
         <value>0x6e11</value>
         <object_component_ref idref="oc-1cc"/>
      </symbol>
      <symbol id="sm-ac2">
         <name>setvbuf</name>
         <value>0x66d1</value>
         <object_component_ref idref="oc-1d2"/>
      </symbol>
      <symbol id="sm-ad0">
         <name>strcpy</name>
         <value>0x72ad</value>
         <object_component_ref idref="oc-2f0"/>
      </symbol>
      <symbol id="sm-b08">
         <name>__TI_cleanup</name>
         <value>0x60bd</value>
         <object_component_ref idref="oc-274"/>
      </symbol>
      <symbol id="sm-b09">
         <name>freopen</name>
         <value>0x60e9</value>
         <object_component_ref idref="oc-274"/>
      </symbol>
      <symbol id="sm-b0a">
         <name>fopen</name>
         <value>0x6113</value>
         <object_component_ref idref="oc-274"/>
      </symbol>
      <symbol id="sm-b7a">
         <name>_sys_memory</name>
         <value>0x20000270</value>
         <object_component_ref idref="oc-29"/>
      </symbol>
      <symbol id="sm-b7b">
         <name>free</name>
         <value>0x4e47</value>
         <object_component_ref idref="oc-26e"/>
      </symbol>
      <symbol id="sm-b7c">
         <name>realloc</name>
         <value>0x4f07</value>
         <object_component_ref idref="oc-26e"/>
      </symbol>
      <symbol id="sm-b7d">
         <name>memalign</name>
         <value>0x500d</value>
         <object_component_ref idref="oc-26e"/>
      </symbol>
      <symbol id="sm-b7e">
         <name>calloc</name>
         <value>0x50ed</value>
         <object_component_ref idref="oc-26e"/>
      </symbol>
      <symbol id="sm-b7f">
         <name>malloc</name>
         <value>0x4de5</value>
         <object_component_ref idref="oc-26e"/>
      </symbol>
      <symbol id="sm-b80">
         <name>minit</name>
         <value>0x4d59</value>
         <object_component_ref idref="oc-26e"/>
      </symbol>
      <symbol id="sm-b96">
         <name>__TI_closefile</name>
         <value>0x6af1</value>
         <object_component_ref idref="oc-2d9"/>
      </symbol>
      <symbol id="sm-b97">
         <name>fclose</name>
         <value>0x6b57</value>
         <object_component_ref idref="oc-2d9"/>
      </symbol>
      <symbol id="sm-b99">
         <name>__TI_static_base__</name>
         <value>0x0</value>
      </symbol>
      <symbol id="sm-b9a">
         <name>__TI_args_main</name>
         <value>0x1</value>
      </symbol>
      <symbol id="sm-b9b">
         <name>SHT$$INIT_ARRAY$$Limit</name>
         <value>0x0</value>
      </symbol>
      <symbol id="sm-b9c">
         <name>SHT$$INIT_ARRAY$$Base</name>
         <value>0x0</value>
      </symbol>
      <symbol id="sm-ba0">
         <name>remove</name>
         <value>0x58ad</value>
      </symbol>
   </symbol_table>
   <title>Link successful</title>
</link_info>
